Archive member included to satisfy reference by file (symbol)

C:/ST/STM32CubeIDE_1.14.1/STM32CubeIDE/plugins/com.st.stm32cube.ide.mcu.externaltools.gnu-tools-for-stm32.11.3.rel1.win32_1.1.100.202309141235/tools/bin/../lib/gcc/arm-none-eabi/11.3.1/../../../../arm-none-eabi/lib/thumb/v7e-m+fp/hard\libc_nano.a(libc_a-exit.o)
                              C:/ST/STM32CubeIDE_1.14.1/STM32CubeIDE/plugins/com.st.stm32cube.ide.mcu.externaltools.gnu-tools-for-stm32.11.3.rel1.win32_1.1.100.202309141235/tools/bin/../lib/gcc/arm-none-eabi/11.3.1/../../../../arm-none-eabi/lib/thumb/v7e-m+fp/hard/crt0.o (exit)
C:/ST/STM32CubeIDE_1.14.1/STM32CubeIDE/plugins/com.st.stm32cube.ide.mcu.externaltools.gnu-tools-for-stm32.11.3.rel1.win32_1.1.100.202309141235/tools/bin/../lib/gcc/arm-none-eabi/11.3.1/../../../../arm-none-eabi/lib/thumb/v7e-m+fp/hard\libc_nano.a(libc_a-findfp.o)
                              C:/ST/STM32CubeIDE_1.14.1/STM32CubeIDE/plugins/com.st.stm32cube.ide.mcu.externaltools.gnu-tools-for-stm32.11.3.rel1.win32_1.1.100.202309141235/tools/bin/../lib/gcc/arm-none-eabi/11.3.1/../../../../arm-none-eabi/lib/thumb/v7e-m+fp/hard\libc_nano.a(libc_a-exit.o) (__stdio_exit_handler)
C:/ST/STM32CubeIDE_1.14.1/STM32CubeIDE/plugins/com.st.stm32cube.ide.mcu.externaltools.gnu-tools-for-stm32.11.3.rel1.win32_1.1.100.202309141235/tools/bin/../lib/gcc/arm-none-eabi/11.3.1/../../../../arm-none-eabi/lib/thumb/v7e-m+fp/hard\libc_nano.a(libc_a-fwalk.o)
                              C:/ST/STM32CubeIDE_1.14.1/STM32CubeIDE/plugins/com.st.stm32cube.ide.mcu.externaltools.gnu-tools-for-stm32.11.3.rel1.win32_1.1.100.202309141235/tools/bin/../lib/gcc/arm-none-eabi/11.3.1/../../../../arm-none-eabi/lib/thumb/v7e-m+fp/hard\libc_nano.a(libc_a-findfp.o) (_fwalk_sglue)
C:/ST/STM32CubeIDE_1.14.1/STM32CubeIDE/plugins/com.st.stm32cube.ide.mcu.externaltools.gnu-tools-for-stm32.11.3.rel1.win32_1.1.100.202309141235/tools/bin/../lib/gcc/arm-none-eabi/11.3.1/../../../../arm-none-eabi/lib/thumb/v7e-m+fp/hard\libc_nano.a(libc_a-sprintf.o)
                              ./Core/Src/File_Handling_RTOS.o (sprintf)
C:/ST/STM32CubeIDE_1.14.1/STM32CubeIDE/plugins/com.st.stm32cube.ide.mcu.externaltools.gnu-tools-for-stm32.11.3.rel1.win32_1.1.100.202309141235/tools/bin/../lib/gcc/arm-none-eabi/11.3.1/../../../../arm-none-eabi/lib/thumb/v7e-m+fp/hard\libc_nano.a(libc_a-stdio.o)
                              C:/ST/STM32CubeIDE_1.14.1/STM32CubeIDE/plugins/com.st.stm32cube.ide.mcu.externaltools.gnu-tools-for-stm32.11.3.rel1.win32_1.1.100.202309141235/tools/bin/../lib/gcc/arm-none-eabi/11.3.1/../../../../arm-none-eabi/lib/thumb/v7e-m+fp/hard\libc_nano.a(libc_a-findfp.o) (__sread)
C:/ST/STM32CubeIDE_1.14.1/STM32CubeIDE/plugins/com.st.stm32cube.ide.mcu.externaltools.gnu-tools-for-stm32.11.3.rel1.win32_1.1.100.202309141235/tools/bin/../lib/gcc/arm-none-eabi/11.3.1/../../../../arm-none-eabi/lib/thumb/v7e-m+fp/hard\libc_nano.a(libc_a-memset.o)
                              C:/ST/STM32CubeIDE_1.14.1/STM32CubeIDE/plugins/com.st.stm32cube.ide.mcu.externaltools.gnu-tools-for-stm32.11.3.rel1.win32_1.1.100.202309141235/tools/bin/../lib/gcc/arm-none-eabi/11.3.1/../../../../arm-none-eabi/lib/thumb/v7e-m+fp/hard/crt0.o (memset)
C:/ST/STM32CubeIDE_1.14.1/STM32CubeIDE/plugins/com.st.stm32cube.ide.mcu.externaltools.gnu-tools-for-stm32.11.3.rel1.win32_1.1.100.202309141235/tools/bin/../lib/gcc/arm-none-eabi/11.3.1/../../../../arm-none-eabi/lib/thumb/v7e-m+fp/hard\libc_nano.a(libc_a-closer.o)
                              C:/ST/STM32CubeIDE_1.14.1/STM32CubeIDE/plugins/com.st.stm32cube.ide.mcu.externaltools.gnu-tools-for-stm32.11.3.rel1.win32_1.1.100.202309141235/tools/bin/../lib/gcc/arm-none-eabi/11.3.1/../../../../arm-none-eabi/lib/thumb/v7e-m+fp/hard\libc_nano.a(libc_a-stdio.o) (_close_r)
C:/ST/STM32CubeIDE_1.14.1/STM32CubeIDE/plugins/com.st.stm32cube.ide.mcu.externaltools.gnu-tools-for-stm32.11.3.rel1.win32_1.1.100.202309141235/tools/bin/../lib/gcc/arm-none-eabi/11.3.1/../../../../arm-none-eabi/lib/thumb/v7e-m+fp/hard\libc_nano.a(libc_a-reent.o)
                              C:/ST/STM32CubeIDE_1.14.1/STM32CubeIDE/plugins/com.st.stm32cube.ide.mcu.externaltools.gnu-tools-for-stm32.11.3.rel1.win32_1.1.100.202309141235/tools/bin/../lib/gcc/arm-none-eabi/11.3.1/../../../../arm-none-eabi/lib/thumb/v7e-m+fp/hard\libc_nano.a(libc_a-closer.o) (errno)
C:/ST/STM32CubeIDE_1.14.1/STM32CubeIDE/plugins/com.st.stm32cube.ide.mcu.externaltools.gnu-tools-for-stm32.11.3.rel1.win32_1.1.100.202309141235/tools/bin/../lib/gcc/arm-none-eabi/11.3.1/../../../../arm-none-eabi/lib/thumb/v7e-m+fp/hard\libc_nano.a(libc_a-impure.o)
                              C:/ST/STM32CubeIDE_1.14.1/STM32CubeIDE/plugins/com.st.stm32cube.ide.mcu.externaltools.gnu-tools-for-stm32.11.3.rel1.win32_1.1.100.202309141235/tools/bin/../lib/gcc/arm-none-eabi/11.3.1/../../../../arm-none-eabi/lib/thumb/v7e-m+fp/hard\libc_nano.a(libc_a-sprintf.o) (_impure_ptr)
[...]
Memory Configuration

Name             Origin             Length             Attributes
RAM              0x0000000020000000 0x0000000000020000 xrw
FLASH            0x0000000008000000 0x0000000000080000 xr
*default*        0x0000000000000000 0xffffffffffffffff

Linker script and memory map

LOAD C:/ST/STM32CubeIDE_1.14.1/STM32CubeIDE/plugins/com.st.stm32cube.ide.mcu.externaltools.gnu-tools-for-stm32.11.3.rel1.win32_1.1.100.202309141235/tools/bin/../lib/gcc/arm-none-eabi/11.3.1/thumb/v7e-m+fp/hard/crti.o
LOAD C:/ST/STM32CubeIDE_1.14.1/STM32CubeIDE/plugins/com.st.stm32cube.ide.mcu.externaltools.gnu-tools-for-stm32.11.3.rel1.win32_1.1.100.202309141235/tools/bin/../lib/gcc/arm-none-eabi/11.3.1/thumb/v7e-m+fp/hard/crtbegin.o
LOAD C:/ST/STM32CubeIDE_1.14.1/STM32CubeIDE/plugins/com.st.stm32cube.ide.mcu.externaltools.gnu-tools-for-stm32.11.3.rel1.win32_1.1.100.202309141235/tools/bin/../lib/gcc/arm-none-eabi/11.3.1/../../../../arm-none-eabi/lib/thumb/v7e-m+fp/hard/crt0.o
LOAD ./Core/Src/DHT11.o
LOAD ./Core/Src/File_Handling_RTOS.o
LOAD ./Core/Src/fatfs_sd.o
LOAD ./Core/Src/freertos.o
LOAD ./Core/Src/main.o
LOAD ./Core/Src/stm32f4xx_hal_msp.o
LOAD ./Core/Src/stm32f4xx_hal_timebase_tim.o
LOAD ./Core/Src/stm32f4xx_it.o
LOAD ./Core/Src/syscalls.o
LOAD ./Core/Src/sysmem.o
LOAD ./Core/Src/system_stm32f4xx.o
LOAD ./Core/Startup/startup_stm32f446retx.o
LOAD ./Drivers/STM32F4xx_HAL_Driver/Src/stm32f4xx_hal.o
LOAD ./Drivers/STM32F4xx_HAL_Driver/Src/stm32f4xx_hal_adc.o
LOAD ./Drivers/STM32F4xx_HAL_Driver/Src/stm32f4xx_hal_adc_ex.o
LOAD ./Drivers/STM32F4xx_HAL_Driver/Src/stm32f4xx_hal_cortex.o
LOAD ./Drivers/STM32F4xx_HAL_Driver/Src/stm32f4xx_hal_dma.o
LOAD ./Drivers/STM32F4xx_HAL_Driver/Src/stm32f4xx_hal_dma_ex.o
LOAD ./Drivers/STM32F4xx_HAL_Driver/Src/stm32f4xx_hal_exti.o
LOAD ./Drivers/STM32F4xx_HAL_Driver/Src/stm32f4xx_hal_flash.o
LOAD ./Drivers/STM32F4xx_HAL_Driver/Src/stm32f4xx_hal_flash_ex.o
LOAD ./Drivers/STM32F4xx_HAL_Driver/Src/stm32f4xx_hal_flash_ramfunc.o
LOAD ./Drivers/STM32F4xx_HAL_Driver/Src/stm32f4xx_hal_gpio.o
LOAD ./Drivers/STM32F4xx_HAL_Driver/Src/stm32f4xx_hal_pwr.o
LOAD ./Drivers/STM32F4xx_HAL_Driver/Src/stm32f4xx_hal_pwr_ex.o
LOAD ./Drivers/STM32F4xx_HAL_Driver/Src/stm32f4xx_hal_rcc.o
LOAD ./Drivers/STM32F4xx_HAL_Driver/Src/stm32f4xx_hal_rcc_ex.o
LOAD ./Drivers/STM32F4xx_HAL_Driver/Src/stm32f4xx_hal_spi.o
LOAD ./Drivers/STM32F4xx_HAL_Driver/Src/stm32f4xx_hal_tim.o
LOAD ./Drivers/STM32F4xx_HAL_Driver/Src/stm32f4xx_hal_tim_ex.o
LOAD ./Drivers/STM32F4xx_HAL_Driver/Src/stm32f4xx_hal_uart.o
LOAD ./Drivers/STM32F4xx_HAL_Driver/Src/stm32f4xx_ll_adc.o
LOAD ./FATFS/App/fatfs.o
LOAD ./FATFS/Target/user_diskio.o
LOAD ./Middlewares/Third_Party/FatFs/src/diskio.o
LOAD ./Middlewares/Third_Party/FatFs/src/ff.o
LOAD ./Middlewares/Third_Party/FatFs/src/ff_gen_drv.o
LOAD ./Middlewares/Third_Party/FatFs/src/option/syscall.o
LOAD ./Middlewares/Third_Party/FreeRTOS/Source/CMSIS_RTOS/cmsis_os.o
LOAD ./Middlewares/Third_Party/FreeRTOS/Source/croutine.o
LOAD ./Middlewares/Third_Party/FreeRTOS/Source/event_groups.o
LOAD ./Middlewares/Third_Party/FreeRTOS/Source/list.o
LOAD ./Middlewares/Third_Party/FreeRTOS/Source/queue.o
LOAD ./Middlewares/Third_Party/FreeRTOS/Source/stream_buffer.o
LOAD ./Middlewares/Third_Party/FreeRTOS/Source/tasks.o
LOAD ./Middlewares/Third_Party/FreeRTOS/Source/timers.o
LOAD ./Middlewares/Third_Party/FreeRTOS/Source/portable/GCC/ARM_CM4F/port.o
LOAD ./Middlewares/Third_Party/FreeRTOS/Source/portable/MemMang/heap_4.o
START GROUP
LOAD C:/ST/STM32CubeIDE_1.14.1/STM32CubeIDE/plugins/com.st.stm32cube.ide.mcu.externaltools.gnu-tools-for-stm32.11.3.rel1.win32_1.1.100.202309141235/tools/bin/../lib/gcc/arm-none-eabi/11.3.1/../../../../arm-none-eabi/lib/thumb/v7e-m+fp/hard\libc_nano.a
LOAD C:/ST/STM32CubeIDE_1.14.1/STM32CubeIDE/plugins/com.st.stm32cube.ide.mcu.externaltools.gnu-tools-for-stm32.11.3.rel1.win32_1.1.100.202309141235/tools/bin/../lib/gcc/arm-none-eabi/11.3.1/../../../../arm-none-eabi/lib/thumb/v7e-m+fp/hard\libm.a
END GROUP
START GROUP
LOAD C:/ST/STM32CubeIDE_1.14.1/STM32CubeIDE/plugins/com.st.stm32cube.ide.mcu.externaltools.gnu-tools-for-stm32.11.3.rel1.win32_1.1.100.202309141235/tools/bin/../lib/gcc/arm-none-eabi/11.3.1/thumb/v7e-m+fp/hard\libgcc.a
LOAD C:/ST/STM32CubeIDE_1.14.1/STM32CubeIDE/plugins/com.st.stm32cube.ide.mcu.externaltools.gnu-tools-for-stm32.11.3.rel1.win32_1.1.100.202309141235/tools/bin/../lib/gcc/arm-none-eabi/11.3.1/../../../../arm-none-eabi/lib/thumb/v7e-m+fp/hard\libc_nano.a
END GROUP
START GROUP
LOAD C:/ST/STM32CubeIDE_1.14.1/STM32CubeIDE/plugins/com.st.stm32cube.ide.mcu.externaltools.gnu-tools-for-stm32.11.3.rel1.win32_1.1.100.202309141235/tools/bin/../lib/gcc/arm-none-eabi/11.3.1/thumb/v7e-m+fp/hard\libgcc.a
LOAD C:/ST/STM32CubeIDE_1.14.1/STM32CubeIDE/plugins/com.st.stm32cube.ide.mcu.externaltools.gnu-tools-for-stm32.11.3.rel1.win32_1.1.100.202309141235/tools/bin/../lib/gcc/arm-none-eabi/11.3.1/../../../../arm-none-eabi/lib/thumb/v7e-m+fp/hard\libc_nano.a
LOAD C:/ST/STM32CubeIDE_1.14.1/STM32CubeIDE/plugins/com.st.stm32cube.ide.mcu.externaltools.gnu-tools-for-stm32.11.3.rel1.win32_1.1.100.202309141235/tools/bin/../lib/gcc/arm-none-eabi/11.3.1/../../../../arm-none-eabi/lib/thumb/v7e-m+fp/hard\libnosys.a
END GROUP
START GROUP
LOAD C:/ST/STM32CubeIDE_1.14.1/STM32CubeIDE/plugins/com.st.stm32cube.ide.mcu.externaltools.gnu-tools-for-stm32.11.3.rel1.win32_1.1.100.202309141235/tools/bin/../lib/gcc/arm-none-eabi/11.3.1/thumb/v7e-m+fp/hard\libgcc.a
LOAD C:/ST/STM32CubeIDE_1.14.1/STM32CubeIDE/plugins/com.st.stm32cube.ide.mcu.externaltools.gnu-tools-for-stm32.11.3.rel1.win32_1.1.100.202309141235/tools/bin/../lib/gcc/arm-none-eabi/11.3.1/../../../../arm-none-eabi/lib/thumb/v7e-m+fp/hard\libc_nano.a
LOAD C:/ST/STM32CubeIDE_1.14.1/STM32CubeIDE/plugins/com.st.stm32cube.ide.mcu.externaltools.gnu-tools-for-stm32.11.3.rel1.win32_1.1.100.202309141235/tools/bin/../lib/gcc/arm-none-eabi/11.3.1/../../../../arm-none-eabi/lib/thumb/v7e-m+fp/hard\libnosys.a
END GROUP
LOAD C:/ST/STM32CubeIDE_1.14.1/STM32CubeIDE/plugins/com.st.stm32cube.ide.mcu.externaltools.gnu-tools-for-stm32.11.3.rel1.win32_1.1.100.202309141235/tools/bin/../lib/gcc/arm-none-eabi/11.3.1/thumb/v7e-m+fp/hard/crtend.o
LOAD C:/ST/STM32CubeIDE_1.14.1/STM32CubeIDE/plugins/com.st.stm32cube.ide.mcu.externaltools.gnu-tools-for-stm32.11.3.rel1.win32_1.1.100.202309141235/tools/bin/../lib/gcc/arm-none-eabi/11.3.1/thumb/v7e-m+fp/hard/crtn.o
                0x0000000020020000                _estack = (ORIGIN (RAM) + LENGTH (RAM))
                0x0000000000000200                _Min_Heap_Size = 0x200
                0x0000000000000400                _Min_Stack_Size = 0x400

.isr_vector     0x0000000008000000      0x1c4
                0x0000000008000000                . = ALIGN (0x4)
 *(.isr_vector)
 .isr_vector    0x0000000008000000      0x1c4 ./Core/Startup/startup_stm32f446retx.o
                0x0000000008000000                g_pfnVectors
                0x00000000080001c4                . = ALIGN (0x4)

.text           0x00000000080001d0     0xb10c
                0x00000000080001d0                . = ALIGN (0x4)
 *(.text)
 .text          0x00000000080001d0       0x40 C:/ST/STM32CubeIDE_1.14.1/STM32CubeIDE/plugins/com.st.stm32cube.ide.mcu.externaltools.gnu-tools-for-stm32.11.3.rel1.win32_1.1.100.202309141235/tools/bin/../lib/gcc/arm-none-eabi/11.3.1/thumb/v7e-m+fp/hard/crtbegin.o
 .text          0x0000000008000210       0x14 C:/ST/STM32CubeIDE_1.14.1/STM32CubeIDE/plugins/com.st.stm32cube.ide.mcu.externaltools.gnu-tools-for-stm32.11.3.rel1.win32_1.1.100.202309141235/tools/bin/../lib/gcc/arm-none-eabi/11.3.1/../../../../arm-none-eabi/lib/thumb/v7e-m+fp/hard\libc_nano.a(libc_a-strcmp.o)
                0x0000000008000210                strcmp
 .text          0x0000000008000224       0x10 C:/ST/STM32CubeIDE_1.14.1/STM32CubeIDE/plugins/com.st.stm32cube.ide.mcu.externaltools.gnu-tools-for-stm32.11.3.rel1.win32_1.1.100.202309141235/tools/bin/../lib/gcc/arm-none-eabi/11.3.1/../../../../arm-none-eabi/lib/thumb/v7e-m+fp/hard\libc_nano.a(libc_a-strlen.o)
                0x0000000008000224                strlen
 *fill*         0x0000000008000234        0xc 
 .text          0x0000000008000240       0xa0 C:/ST/STM32CubeIDE_1.14.1/STM32CubeIDE/plugins/com.st.stm32cube.ide.mcu.externaltools.gnu-tools-for-stm32.11.3.rel1.win32_1.1.100.202309141235/tools/bin/../lib/gcc/arm-none-eabi/11.3.1/../../../../arm-none-eabi/lib/thumb/v7e-m+fp/hard\libc_nano.a(libc_a-memchr.o)
                0x0000000008000240                memchr
 .text          0x00000000080002e0       0x30 C:/ST/STM32CubeIDE_1.14.1/STM32CubeIDE/plugins/com.st.stm32cube.ide.mcu.externaltools.gnu-tools-for-stm32.11.3.rel1.win32_1.1.100.202309141235/tools/bin/../lib/gcc/arm-none-eabi/11.3.1/thumb/v7e-m+fp/hard\libgcc.a(_aeabi_uldivmod.o)
                0x00000000080002e0                __aeabi_uldivmod
 .text          0x0000000008000310      0x2c8 C:/ST/STM32CubeIDE_1.14.1/STM32CubeIDE/plugins/com.st.stm32cube.ide.mcu.externaltools.gnu-tools-for-stm32.11.3.rel1.win32_1.1.100.202309141235/tools/bin/../lib/gcc/arm-none-eabi/11.3.1/thumb/v7e-m+fp/hard\libgcc.a(_udivmoddi4.o)
                0x0000000008000310                __udivmoddi4
 .text          0x00000000080005d8        0x4 C:/ST/STM32CubeIDE_1.14.1/STM32CubeIDE/plugins/com.st.stm32cube.ide.mcu.externaltools.gnu-tools-for-stm32.11.3.rel1.win32_1.1.100.202309141235/tools/bin/../lib/gcc/arm-none-eabi/11.3.1/thumb/v7e-m+fp/hard\libgcc.a(_dvmd_tls.o)
                0x00000000080005d8                __aeabi_idiv0
                0x00000000080005d8                __aeabi_ldiv0
 *(.text*)
 .text.DHT_Delay
                0x00000000080005dc       0x34 ./Core/Src/DHT11.o
                0x00000000080005dc                DHT_Delay
 .text.Set_Pin_Output
                0x0000000008000610       0x3c ./Core/Src/DHT11.o
                0x0000000008000610                Set_Pin_Output
 .text.Set_Pin_Input
                0x000000000800064c       0x3c ./Core/Src/DHT11.o
                0x000000000800064c                Set_Pin_Input
 .text.DHT11_Start
                0x0000000008000688       0x40 ./Core/Src/DHT11.o
                0x0000000008000688                DHT11_Start
 .text.DHT11_Check_Response
                0x00000000080006c8       0x5c ./Core/Src/DHT11.o
                0x00000000080006c8                DHT11_Check_Response
 .text.DHT11_Read
                0x0000000008000724       0x90 ./Core/Src/DHT11.o
                0x0000000008000724                DHT11_Read
 .text.DHT11_Get_Data
                0x00000000080007b4       0xc8 ./Core/Src/DHT11.o
                0x00000000080007b4                DHT11_Get_Data
 .text.Send_Uart
                0x000000000800087c       0x2c ./Core/Src/File_Handling_RTOS.o
                0x000000000800087c                Send_Uart
 .text.Mount_SD
                0x00000000080008a8       0x48 ./Core/Src/File_Handling_RTOS.o
                0x00000000080008a8                Mount_SD
 .text.Unmount_SD
                0x00000000080008f0       0x44 ./Core/Src/File_Handling_RTOS.o
                0x00000000080008f0                Unmount_SD
 .text.Format_SD
                0x0000000008000934       0xcc ./Core/Src/File_Handling_RTOS.o
                0x0000000008000934                Format_SD
 .text.Create_File
                0x0000000008000a00      0x12c ./Core/Src/File_Handling_RTOS.o
                0x0000000008000a00                Create_File
 .text.Update_File
                0x0000000008000b2c      0x180 ./Core/Src/File_Handling_RTOS.o
                0x0000000008000b2c                Update_File
 .text.SELECT   0x0000000008000cac       0x18 ./Core/Src/fatfs_sd.o
 .text.DESELECT
                0x0000000008000cc4       0x18 ./Core/Src/fatfs_sd.o
 .text.SPI_TxByte
                0x0000000008000cdc       0x34 ./Core/Src/fatfs_sd.o
 .text.SPI_RxByte
                0x0000000008000d10       0x3c ./Core/Src/fatfs_sd.o
 .text.SPI_RxBytePtr
                0x0000000008000d4c       0x1c ./Core/Src/fatfs_sd.o
 .text.SD_ReadyWait
                0x0000000008000d68       0x38 ./Core/Src/fatfs_sd.o
 .text.SD_PowerOn
                0x0000000008000da0       0x98 ./Core/Src/fatfs_sd.o
 .text.SD_PowerOff
                0x0000000008000e38       0x18 ./Core/Src/fatfs_sd.o
 .text.SD_CheckPower
                0x0000000008000e50       0x18 ./Core/Src/fatfs_sd.o
 .text.SD_RxDataBlock
                0x0000000008000e68       0x6c ./Core/Src/fatfs_sd.o
 .text.SD_TxDataBlock
                0x0000000008000ed4       0xa8 ./Core/Src/fatfs_sd.o
 .text.SD_SendCmd
                0x0000000008000f7c       0xa4 ./Core/Src/fatfs_sd.o
 .text.SD_disk_initialize
                0x0000000008001020      0x1d4 ./Core/Src/fatfs_sd.o
                0x0000000008001020                SD_disk_initialize
 .text.SD_disk_status
                0x00000000080011f4       0x2c ./Core/Src/fatfs_sd.o
                0x00000000080011f4                SD_disk_status
 .text.SD_disk_read
                0x0000000008001220       0xd4 ./Core/Src/fatfs_sd.o
                0x0000000008001220                SD_disk_read
 .text.SD_disk_write
                0x00000000080012f4      0x108 ./Core/Src/fatfs_sd.o
                0x00000000080012f4                SD_disk_write
 .text.SD_disk_ioctl
                0x00000000080013fc      0x264 ./Core/Src/fatfs_sd.o
                0x00000000080013fc                SD_disk_ioctl
 .text.vApplicationGetIdleTaskMemory
                0x0000000008001660       0x34 ./Core/Src/freertos.o
                0x0000000008001660                vApplicationGetIdleTaskMemory
 .text.ADC_Task
                0x0000000008001694       0x3c ./Core/Src/main.o
                0x0000000008001694                ADC_Task
 .text.DHT_Task
                0x00000000080016d0       0x48 ./Core/Src/main.o
                0x00000000080016d0                DHT_Task
 .text.SD_Task  0x0000000008001718       0x8c ./Core/Src/main.o
                0x0000000008001718                SD_Task
 .text.main     0x00000000080017a4       0xe0 ./Core/Src/main.o
                0x00000000080017a4                main
 .text.SystemClock_Config
                0x0000000008001884       0xd8 ./Core/Src/main.o
                0x0000000008001884                SystemClock_Config
 .text.MX_ADC1_Init
                0x000000000800195c       0xa4 ./Core/Src/main.o
 .text.MX_SPI1_Init
                0x0000000008001a00       0x6c ./Core/Src/main.o
 .text.MX_TIM1_Init
                0x0000000008001a6c       0xa4 ./Core/Src/main.o
 .text.MX_TIM7_Init
                0x0000000008001b10       0x6c ./Core/Src/main.o
 .text.MX_USART2_UART_Init
                0x0000000008001b7c       0x54 ./Core/Src/main.o
 .text.MX_GPIO_Init
                0x0000000008001bd0       0xbc ./Core/Src/main.o
 .text.HAL_TIM_PeriodElapsedCallback
                0x0000000008001c8c       0x64 ./Core/Src/main.o
                0x0000000008001c8c                HAL_TIM_PeriodElapsedCallback
 .text.Error_Handler
                0x0000000008001cf0        0xa ./Core/Src/main.o
                0x0000000008001cf0                Error_Handler
 *fill*         0x0000000008001cfa        0x2 
 .text.HAL_MspInit
                0x0000000008001cfc       0x58 ./Core/Src/stm32f4xx_hal_msp.o
                0x0000000008001cfc                HAL_MspInit
 .text.HAL_ADC_MspInit
                0x0000000008001d54       0x88 ./Core/Src/stm32f4xx_hal_msp.o
                0x0000000008001d54                HAL_ADC_MspInit
 .text.HAL_SPI_MspInit
                0x0000000008001ddc       0x90 ./Core/Src/stm32f4xx_hal_msp.o
                0x0000000008001ddc                HAL_SPI_MspInit
 .text.HAL_TIM_Base_MspInit
                0x0000000008001e6c       0x7c ./Core/Src/stm32f4xx_hal_msp.o
                0x0000000008001e6c                HAL_TIM_Base_MspInit
 .text.HAL_UART_MspInit
                0x0000000008001ee8       0x90 ./Core/Src/stm32f4xx_hal_msp.o
                0x0000000008001ee8                HAL_UART_MspInit
 .text.HAL_InitTick
                0x0000000008001f78       0xf8 ./Core/Src/stm32f4xx_hal_timebase_tim.o
                0x0000000008001f78                HAL_InitTick
 .text.SDTimer_Handler
                0x0000000008002070       0x48 ./Core/Src/stm32f4xx_it.o
                0x0000000008002070                SDTimer_Handler
 .text.NMI_Handler
                0x00000000080020b8        0x6 ./Core/Src/stm32f4xx_it.o
                0x00000000080020b8                NMI_Handler
 .text.HardFault_Handler
                0x00000000080020be        0x6 ./Core/Src/stm32f4xx_it.o
                0x00000000080020be                HardFault_Handler
 .text.MemManage_Handler
                0x00000000080020c4        0x6 ./Core/Src/stm32f4xx_it.o
                0x00000000080020c4                MemManage_Handler
 .text.BusFault_Handler
                0x00000000080020ca        0x6 ./Core/Src/stm32f4xx_it.o
                0x00000000080020ca                BusFault_Handler
 .text.UsageFault_Handler
                0x00000000080020d0        0x6 ./Core/Src/stm32f4xx_it.o
                0x00000000080020d0                UsageFault_Handler
 .text.DebugMon_Handler
                0x00000000080020d6        0xe ./Core/Src/stm32f4xx_it.o
                0x00000000080020d6                DebugMon_Handler
 .text.TIM1_UP_TIM10_IRQHandler
                0x00000000080020e4       0x14 ./Core/Src/stm32f4xx_it.o
                0x00000000080020e4                TIM1_UP_TIM10_IRQHandler
 .text.TIM6_DAC_IRQHandler
                0x00000000080020f8       0x38 ./Core/Src/stm32f4xx_it.o
                0x00000000080020f8                TIM6_DAC_IRQHandler
 .text._sbrk    0x0000000008002130       0x6c ./Core/Src/sysmem.o
                0x0000000008002130                _sbrk
 .text.SystemInit
                0x000000000800219c       0x24 ./Core/Src/system_stm32f4xx.o
                0x000000000800219c                SystemInit
 .text.Reset_Handler
                0x00000000080021c0       0x50 ./Core/Startup/startup_stm32f446retx.o
                0x00000000080021c0                Reset_Handler
 .text.Default_Handler
                0x0000000008002210        0x2 ./Core/Startup/startup_stm32f446retx.o
                0x0000000008002210                RTC_Alarm_IRQHandler
                0x0000000008002210                EXTI2_IRQHandler
                0x0000000008002210                TIM8_CC_IRQHandler
                0x0000000008002210                FMPI2C1_EV_IRQHandler
                0x0000000008002210                SPI4_IRQHandler
                0x0000000008002210                TIM1_CC_IRQHandler
                0x0000000008002210                DMA2_Stream5_IRQHandler
                0x0000000008002210                DMA1_Stream5_IRQHandler
                0x0000000008002210                PVD_IRQHandler
                0x0000000008002210                SDIO_IRQHandler
                0x0000000008002210                TAMP_STAMP_IRQHandler
                0x0000000008002210                CAN2_RX1_IRQHandler
                0x0000000008002210                EXTI3_IRQHandler
                0x0000000008002210                TIM8_TRG_COM_TIM14_IRQHandler
                0x0000000008002210                TIM8_UP_TIM13_IRQHandler
                0x0000000008002210                I2C3_ER_IRQHandler
                0x0000000008002210                EXTI0_IRQHandler
                0x0000000008002210                I2C2_EV_IRQHandler
                0x0000000008002210                DMA1_Stream2_IRQHandler
                0x0000000008002210                CAN1_RX0_IRQHandler
                0x0000000008002210                FPU_IRQHandler
                0x0000000008002210                OTG_HS_WKUP_IRQHandler
                0x0000000008002210                CAN2_SCE_IRQHandler
                0x0000000008002210                DMA2_Stream2_IRQHandler
                0x0000000008002210                SPI1_IRQHandler
                0x0000000008002210                TIM1_BRK_TIM9_IRQHandler
                0x0000000008002210                DCMI_IRQHandler
                0x0000000008002210                CAN2_RX0_IRQHandler
                0x0000000008002210                DMA2_Stream3_IRQHandler
                0x0000000008002210                SAI2_IRQHandler
                0x0000000008002210                USART6_IRQHandler
                0x0000000008002210                USART3_IRQHandler
                0x0000000008002210                CAN1_RX1_IRQHandler
                0x0000000008002210                UART5_IRQHandler
                0x0000000008002210                DMA2_Stream0_IRQHandler
                0x0000000008002210                TIM4_IRQHandler
                0x0000000008002210                QUADSPI_IRQHandler
                0x0000000008002210                I2C1_EV_IRQHandler
                0x0000000008002210                DMA1_Stream6_IRQHandler
                0x0000000008002210                DMA1_Stream1_IRQHandler
                0x0000000008002210                UART4_IRQHandler
                0x0000000008002210                TIM3_IRQHandler
                0x0000000008002210                RCC_IRQHandler
                0x0000000008002210                TIM8_BRK_TIM12_IRQHandler
                0x0000000008002210                Default_Handler
                0x0000000008002210                CEC_IRQHandler
                0x0000000008002210                EXTI15_10_IRQHandler
                0x0000000008002210                ADC_IRQHandler
                0x0000000008002210                DMA1_Stream7_IRQHandler
                0x0000000008002210                TIM7_IRQHandler
                0x0000000008002210                CAN2_TX_IRQHandler
                0x0000000008002210                TIM5_IRQHandler
                0x0000000008002210                DMA2_Stream7_IRQHandler
                0x0000000008002210                I2C3_EV_IRQHandler
                0x0000000008002210                EXTI9_5_IRQHandler
                0x0000000008002210                RTC_WKUP_IRQHandler
                0x0000000008002210                SPDIF_RX_IRQHandler
                0x0000000008002210                SPI2_IRQHandler
                0x0000000008002210                OTG_HS_EP1_IN_IRQHandler
                0x0000000008002210                DMA1_Stream0_IRQHandler
                0x0000000008002210                CAN1_TX_IRQHandler
                0x0000000008002210                FMPI2C1_ER_IRQHandler
                0x0000000008002210                EXTI4_IRQHandler
                0x0000000008002210                OTG_HS_EP1_OUT_IRQHandler
                0x0000000008002210                WWDG_IRQHandler
                0x0000000008002210                TIM2_IRQHandler
                0x0000000008002210                OTG_FS_WKUP_IRQHandler
                0x0000000008002210                TIM1_TRG_COM_TIM11_IRQHandler
                0x0000000008002210                OTG_HS_IRQHandler
                0x0000000008002210                EXTI1_IRQHandler
                0x0000000008002210                USART2_IRQHandler
                0x0000000008002210                I2C2_ER_IRQHandler
                0x0000000008002210                DMA2_Stream1_IRQHandler
                0x0000000008002210                CAN1_SCE_IRQHandler
                0x0000000008002210                FLASH_IRQHandler
                0x0000000008002210                DMA2_Stream4_IRQHandler
                0x0000000008002210                USART1_IRQHandler
                0x0000000008002210                OTG_FS_IRQHandler
                0x0000000008002210                SPI3_IRQHandler
                0x0000000008002210                DMA1_Stream4_IRQHandler
                0x0000000008002210                I2C1_ER_IRQHandler
                0x0000000008002210                FMC_IRQHandler
                0x0000000008002210                DMA2_Stream6_IRQHandler
                0x0000000008002210                SAI1_IRQHandler
                0x0000000008002210                DMA1_Stream3_IRQHandler
 *fill*         0x0000000008002212        0x2 
 .text.HAL_Init
                0x0000000008002214       0x44 ./Drivers/STM32F4xx_HAL_Driver/Src/stm32f4xx_hal.o
                0x0000000008002214                HAL_Init
 .text.HAL_IncTick
                0x0000000008002258       0x28 ./Drivers/STM32F4xx_HAL_Driver/Src/stm32f4xx_hal.o
                0x0000000008002258                HAL_IncTick
 .text.HAL_GetTick
                0x0000000008002280       0x18 ./Drivers/STM32F4xx_HAL_Driver/Src/stm32f4xx_hal.o
                0x0000000008002280                HAL_GetTick
 .text.HAL_ADC_Init
                0x0000000008002298       0x86 ./Drivers/STM32F4xx_HAL_Driver/Src/stm32f4xx_hal_adc.o
                0x0000000008002298                HAL_ADC_Init
 *fill*         0x000000000800231e        0x2 
 .text.HAL_ADC_Start
                0x0000000008002320      0x1a4 ./Drivers/STM32F4xx_HAL_Driver/Src/stm32f4xx_hal_adc.o
                0x0000000008002320                HAL_ADC_Start
 .text.HAL_ADC_Stop
                0x00000000080024c4       0x66 ./Drivers/STM32F4xx_HAL_Driver/Src/stm32f4xx_hal_adc.o
                0x00000000080024c4                HAL_ADC_Stop
 .text.HAL_ADC_PollForConversion
                0x000000000800252a      0x116 ./Drivers/STM32F4xx_HAL_Driver/Src/stm32f4xx_hal_adc.o
                0x000000000800252a                HAL_ADC_PollForConversion
 .text.HAL_ADC_GetValue
                0x0000000008002640       0x1a ./Drivers/STM32F4xx_HAL_Driver/Src/stm32f4xx_hal_adc.o
                0x0000000008002640                HAL_ADC_GetValue
 *fill*         0x000000000800265a        0x2 
 .text.HAL_ADC_ConfigChannel
                0x000000000800265c      0x264 ./Drivers/STM32F4xx_HAL_Driver/Src/stm32f4xx_hal_adc.o
                0x000000000800265c                HAL_ADC_ConfigChannel
 .text.ADC_Init
                0x00000000080028c0      0x1f8 ./Drivers/STM32F4xx_HAL_Driver/Src/stm32f4xx_hal_adc.o
 .text.__NVIC_SetPriorityGrouping
                0x0000000008002ab8       0x48 ./Drivers/STM32F4xx_HAL_Driver/Src/stm32f4xx_hal_cortex.o
 .text.__NVIC_GetPriorityGrouping
                0x0000000008002b00       0x1c ./Drivers/STM32F4xx_HAL_Driver/Src/stm32f4xx_hal_cortex.o
 .text.__NVIC_EnableIRQ
                0x0000000008002b1c       0x3c ./Drivers/STM32F4xx_HAL_Driver/Src/stm32f4xx_hal_cortex.o
 .text.__NVIC_SetPriority
                0x0000000008002b58       0x54 ./Drivers/STM32F4xx_HAL_Driver/Src/stm32f4xx_hal_cortex.o
 .text.NVIC_EncodePriority
                0x0000000008002bac       0x66 ./Drivers/STM32F4xx_HAL_Driver/Src/stm32f4xx_hal_cortex.o
 .text.HAL_NVIC_SetPriorityGrouping
                0x0000000008002c12       0x16 ./Drivers/STM32F4xx_HAL_Driver/Src/stm32f4xx_hal_cortex.o
                0x0000000008002c12                HAL_NVIC_SetPriorityGrouping
 .text.HAL_NVIC_SetPriority
                0x0000000008002c28       0x38 ./Drivers/STM32F4xx_HAL_Driver/Src/stm32f4xx_hal_cortex.o
                0x0000000008002c28                HAL_NVIC_SetPriority
 .text.HAL_NVIC_EnableIRQ
                0x0000000008002c60       0x1c ./Drivers/STM32F4xx_HAL_Driver/Src/stm32f4xx_hal_cortex.o
                0x0000000008002c60                HAL_NVIC_EnableIRQ
 .text.HAL_GPIO_Init
                0x0000000008002c7c      0x328 ./Drivers/STM32F4xx_HAL_Driver/Src/stm32f4xx_hal_gpio.o
                0x0000000008002c7c                HAL_GPIO_Init
 .text.HAL_GPIO_ReadPin
                0x0000000008002fa4       0x30 ./Drivers/STM32F4xx_HAL_Driver/Src/stm32f4xx_hal_gpio.o
                0x0000000008002fa4                HAL_GPIO_ReadPin
 .text.HAL_GPIO_WritePin
                0x0000000008002fd4       0x32 ./Drivers/STM32F4xx_HAL_Driver/Src/stm32f4xx_hal_gpio.o
                0x0000000008002fd4                HAL_GPIO_WritePin
 *fill*         0x0000000008003006        0x2 
 .text.HAL_RCC_ClockConfig
                0x0000000008003008      0x1cc ./Drivers/STM32F4xx_HAL_Driver/Src/stm32f4xx_hal_rcc.o
                0x0000000008003008                HAL_RCC_ClockConfig
 .text.HAL_RCC_GetHCLKFreq
                0x00000000080031d4       0x18 ./Drivers/STM32F4xx_HAL_Driver/Src/stm32f4xx_hal_rcc.o
                0x00000000080031d4                HAL_RCC_GetHCLKFreq
 .text.HAL_RCC_GetPCLK1Freq
                0x00000000080031ec       0x28 ./Drivers/STM32F4xx_HAL_Driver/Src/stm32f4xx_hal_rcc.o
                0x00000000080031ec                HAL_RCC_GetPCLK1Freq
 .text.HAL_RCC_GetPCLK2Freq
                0x0000000008003214       0x28 ./Drivers/STM32F4xx_HAL_Driver/Src/stm32f4xx_hal_rcc.o
                0x0000000008003214                HAL_RCC_GetPCLK2Freq
 .text.HAL_RCC_GetClockConfig
                0x000000000800323c       0x64 ./Drivers/STM32F4xx_HAL_Driver/Src/stm32f4xx_hal_rcc.o
                0x000000000800323c                HAL_RCC_GetClockConfig
 .text.HAL_RCC_GetSysClockFreq
                0x00000000080032a0      0x460 ./Drivers/STM32F4xx_HAL_Driver/Src/stm32f4xx_hal_rcc_ex.o
                0x00000000080032a0                HAL_RCC_GetSysClockFreq
 .text.HAL_RCC_OscConfig
                0x0000000008003700      0x53c ./Drivers/STM32F4xx_HAL_Driver/Src/stm32f4xx_hal_rcc_ex.o
                0x0000000008003700                HAL_RCC_OscConfig
 .text.HAL_SPI_Init
                0x0000000008003c3c      0x112 ./Drivers/STM32F4xx_HAL_Driver/Src/stm32f4xx_hal_spi.o
                0x0000000008003c3c                HAL_SPI_Init
 .text.HAL_SPI_Transmit
                0x0000000008003d4e      0x286 ./Drivers/STM32F4xx_HAL_Driver/Src/stm32f4xx_hal_spi.o
                0x0000000008003d4e                HAL_SPI_Transmit
 .text.HAL_SPI_TransmitReceive
                0x0000000008003fd4      0x360 ./Drivers/STM32F4xx_HAL_Driver/Src/stm32f4xx_hal_spi.o
                0x0000000008003fd4                HAL_SPI_TransmitReceive
 .text.HAL_SPI_GetState
                0x0000000008004334       0x1c ./Drivers/STM32F4xx_HAL_Driver/Src/stm32f4xx_hal_spi.o
                0x0000000008004334                HAL_SPI_GetState
 .text.SPI_WaitFlagStateUntilTimeout
                0x0000000008004350      0x110 ./Drivers/STM32F4xx_HAL_Driver/Src/stm32f4xx_hal_spi.o
 .text.SPI_EndRxTxTransaction
                0x0000000008004460       0xa8 ./Drivers/STM32F4xx_HAL_Driver/Src/stm32f4xx_hal_spi.o
 .text.HAL_TIM_Base_Init
                0x0000000008004508       0x9e ./Drivers/STM32F4xx_HAL_Driver/Src/stm32f4xx_hal_tim.o
                0x0000000008004508                HAL_TIM_Base_Init
 *fill*         0x00000000080045a6        0x2 
 .text.HAL_TIM_Base_Start
                0x00000000080045a8       0xd0 ./Drivers/STM32F4xx_HAL_Driver/Src/stm32f4xx_hal_tim.o
                0x00000000080045a8                HAL_TIM_Base_Start
 .text.HAL_TIM_Base_Start_IT
                0x0000000008004678       0xe0 ./Drivers/STM32F4xx_HAL_Driver/Src/stm32f4xx_hal_tim.o
                0x0000000008004678                HAL_TIM_Base_Start_IT
 .text.HAL_TIM_IRQHandler
                0x0000000008004758      0x1e0 ./Drivers/STM32F4xx_HAL_Driver/Src/stm32f4xx_hal_tim.o
                0x0000000008004758                HAL_TIM_IRQHandler
 .text.HAL_TIM_ConfigClockSource
                0x0000000008004938      0x18e ./Drivers/STM32F4xx_HAL_Driver/Src/stm32f4xx_hal_tim.o
                0x0000000008004938                HAL_TIM_ConfigClockSource
 .text.HAL_TIM_OC_DelayElapsedCallback
                0x0000000008004ac6       0x14 ./Drivers/STM32F4xx_HAL_Driver/Src/stm32f4xx_hal_tim.o
                0x0000000008004ac6                HAL_TIM_OC_DelayElapsedCallback
 .text.HAL_TIM_IC_CaptureCallback
                0x0000000008004ada       0x14 ./Drivers/STM32F4xx_HAL_Driver/Src/stm32f4xx_hal_tim.o
                0x0000000008004ada                HAL_TIM_IC_CaptureCallback
 .text.HAL_TIM_PWM_PulseFinishedCallback
                0x0000000008004aee       0x14 ./Drivers/STM32F4xx_HAL_Driver/Src/stm32f4xx_hal_tim.o
                0x0000000008004aee                HAL_TIM_PWM_PulseFinishedCallback
 .text.HAL_TIM_TriggerCallback
                0x0000000008004b02       0x14 ./Drivers/STM32F4xx_HAL_Driver/Src/stm32f4xx_hal_tim.o
                0x0000000008004b02                HAL_TIM_TriggerCallback
 *fill*         0x0000000008004b16        0x2 
 .text.TIM_Base_SetConfig
                0x0000000008004b18      0x158 ./Drivers/STM32F4xx_HAL_Driver/Src/stm32f4xx_hal_tim.o
                0x0000000008004b18                TIM_Base_SetConfig
 .text.TIM_TI1_ConfigInputStage
                0x0000000008004c70       0x5e ./Drivers/STM32F4xx_HAL_Driver/Src/stm32f4xx_hal_tim.o
 .text.TIM_TI2_ConfigInputStage
                0x0000000008004cce       0x60 ./Drivers/STM32F4xx_HAL_Driver/Src/stm32f4xx_hal_tim.o
 .text.TIM_ITRx_SetConfig
                0x0000000008004d2e       0x36 ./Drivers/STM32F4xx_HAL_Driver/Src/stm32f4xx_hal_tim.o
 .text.TIM_ETR_SetConfig
                0x0000000008004d64       0x40 ./Drivers/STM32F4xx_HAL_Driver/Src/stm32f4xx_hal_tim.o
                0x0000000008004d64                TIM_ETR_SetConfig
 .text.HAL_TIMEx_MasterConfigSynchronization
                0x0000000008004da4       0xf8 ./Drivers/STM32F4xx_HAL_Driver/Src/stm32f4xx_hal_tim_ex.o
                0x0000000008004da4                HAL_TIMEx_MasterConfigSynchronization
 .text.HAL_TIMEx_CommutCallback
                0x0000000008004e9c       0x14 ./Drivers/STM32F4xx_HAL_Driver/Src/stm32f4xx_hal_tim_ex.o
                0x0000000008004e9c                HAL_TIMEx_CommutCallback
 .text.HAL_TIMEx_BreakCallback
                0x0000000008004eb0       0x14 ./Drivers/STM32F4xx_HAL_Driver/Src/stm32f4xx_hal_tim_ex.o
                0x0000000008004eb0                HAL_TIMEx_BreakCallback
 .text.HAL_UART_Init
                0x0000000008004ec4       0xa0 ./Drivers/STM32F4xx_HAL_Driver/Src/stm32f4xx_hal_uart.o
                0x0000000008004ec4                HAL_UART_Init
 .text.HAL_UART_Transmit
                0x0000000008004f64      0x116 ./Drivers/STM32F4xx_HAL_Driver/Src/stm32f4xx_hal_uart.o
                0x0000000008004f64                HAL_UART_Transmit
 .text.UART_WaitOnFlagUntilTimeout
                0x000000000800507a       0xb2 ./Drivers/STM32F4xx_HAL_Driver/Src/stm32f4xx_hal_uart.o
 .text.UART_EndRxTransfer
                0x000000000800512c       0xc6 ./Drivers/STM32F4xx_HAL_Driver/Src/stm32f4xx_hal_uart.o
 *fill*         0x00000000080051f2        0x2 
 .text.UART_SetConfig
                0x00000000080051f4      0x4e8 ./Drivers/STM32F4xx_HAL_Driver/Src/stm32f4xx_hal_uart.o
 .text.MX_FATFS_Init
                0x00000000080056dc       0x24 ./FATFS/App/fatfs.o
                0x00000000080056dc                MX_FATFS_Init
 .text.get_fattime
                0x0000000008005700       0x10 ./FATFS/App/fatfs.o
                0x0000000008005700                get_fattime
 .text.USER_initialize
                0x0000000008005710       0x1c ./FATFS/Target/user_diskio.o
                0x0000000008005710                USER_initialize
 .text.USER_status
                0x000000000800572c       0x1c ./FATFS/Target/user_diskio.o
                0x000000000800572c                USER_status
 .text.USER_read
                0x0000000008005748       0x26 ./FATFS/Target/user_diskio.o
                0x0000000008005748                USER_read
 .text.USER_write
                0x000000000800576e       0x26 ./FATFS/Target/user_diskio.o
                0x000000000800576e                USER_write
 .text.USER_ioctl
                0x0000000008005794       0x26 ./FATFS/Target/user_diskio.o
                0x0000000008005794                USER_ioctl
 *fill*         0x00000000080057ba        0x2 
 .text.disk_status
                0x00000000080057bc       0x34 ./Middlewares/Third_Party/FatFs/src/diskio.o
                0x00000000080057bc                disk_status
 .text.disk_initialize
                0x00000000080057f0       0x50 ./Middlewares/Third_Party/FatFs/src/diskio.o
                0x00000000080057f0                disk_initialize
 .text.disk_read
                0x0000000008005840       0x40 ./Middlewares/Third_Party/FatFs/src/diskio.o
                0x0000000008005840                disk_read
 .text.disk_write
                0x0000000008005880       0x40 ./Middlewares/Third_Party/FatFs/src/diskio.o
                0x0000000008005880                disk_write
 .text.disk_ioctl
                0x00000000080058c0       0x3c ./Middlewares/Third_Party/FatFs/src/diskio.o
                0x00000000080058c0                disk_ioctl
 .text.ld_word  0x00000000080058fc       0x30 ./Middlewares/Third_Party/FatFs/src/ff.o
 .text.ld_dword
                0x000000000800592c       0x46 ./Middlewares/Third_Party/FatFs/src/ff.o
 .text.st_word  0x0000000008005972       0x36 ./Middlewares/Third_Party/FatFs/src/ff.o
 .text.st_dword
                0x00000000080059a8       0x58 ./Middlewares/Third_Party/FatFs/src/ff.o
 .text.mem_cpy  0x0000000008005a00       0x42 ./Middlewares/Third_Party/FatFs/src/ff.o
 .text.mem_set  0x0000000008005a42       0x36 ./Middlewares/Third_Party/FatFs/src/ff.o
 .text.mem_cmp  0x0000000008005a78       0x4e ./Middlewares/Third_Party/FatFs/src/ff.o
 .text.chk_chr  0x0000000008005ac6       0x36 ./Middlewares/Third_Party/FatFs/src/ff.o
 .text.lock_fs  0x0000000008005afc       0x2c ./Middlewares/Third_Party/FatFs/src/ff.o
 .text.unlock_fs
                0x0000000008005b28       0x36 ./Middlewares/Third_Party/FatFs/src/ff.o
 *fill*         0x0000000008005b5e        0x2 
 .text.chk_lock
                0x0000000008005b60       0xb8 ./Middlewares/Third_Party/FatFs/src/ff.o
 .text.enq_lock
                0x0000000008005c18       0x44 ./Middlewares/Third_Party/FatFs/src/ff.o
 .text.inc_lock
                0x0000000008005c5c      0x11c ./Middlewares/Third_Party/FatFs/src/ff.o
 .text.dec_lock
                0x0000000008005d78       0x78 ./Middlewares/Third_Party/FatFs/src/ff.o
 .text.clear_lock
                0x0000000008005df0       0x48 ./Middlewares/Third_Party/FatFs/src/ff.o
 .text.sync_window
                0x0000000008005e38       0x88 ./Middlewares/Third_Party/FatFs/src/ff.o
 .text.move_window
                0x0000000008005ec0       0x5a ./Middlewares/Third_Party/FatFs/src/ff.o
 *fill*         0x0000000008005f1a        0x2 
 .text.sync_fs  0x0000000008005f1c       0xdc ./Middlewares/Third_Party/FatFs/src/ff.o
 .text.clust2sect
                0x0000000008005ff8       0x3e ./Middlewares/Third_Party/FatFs/src/ff.o
 .text.get_fat  0x0000000008006036      0x150 ./Middlewares/Third_Party/FatFs/src/ff.o
 .text.put_fat  0x0000000008006186      0x1d4 ./Middlewares/Third_Party/FatFs/src/ff.o
 .text.remove_chain
                0x000000000800635a       0xca ./Middlewares/Third_Party/FatFs/src/ff.o
 .text.create_chain
                0x0000000008006424      0x130 ./Middlewares/Third_Party/FatFs/src/ff.o
 .text.clmt_clust
                0x0000000008006554       0x68 ./Middlewares/Third_Party/FatFs/src/ff.o
 .text.dir_sdi  0x00000000080065bc       0xf6 ./Middlewares/Third_Party/FatFs/src/ff.o
 .text.dir_next
                0x00000000080066b2      0x18a ./Middlewares/Third_Party/FatFs/src/ff.o
 .text.dir_alloc
                0x000000000800683c       0x8e ./Middlewares/Third_Party/FatFs/src/ff.o
 .text.ld_clust
                0x00000000080068ca       0x3e ./Middlewares/Third_Party/FatFs/src/ff.o
 .text.st_clust
                0x0000000008006908       0x40 ./Middlewares/Third_Party/FatFs/src/ff.o
 .text.dir_read
                0x0000000008006948       0xba ./Middlewares/Third_Party/FatFs/src/ff.o
 .text.dir_find
                0x0000000008006a02       0xaa ./Middlewares/Third_Party/FatFs/src/ff.o
 .text.dir_register
                0x0000000008006aac       0x64 ./Middlewares/Third_Party/FatFs/src/ff.o
 .text.dir_remove
                0x0000000008006b10       0x3c ./Middlewares/Third_Party/FatFs/src/ff.o
 .text.get_fileinfo
                0x0000000008006b4c       0xbe ./Middlewares/Third_Party/FatFs/src/ff.o
 *fill*         0x0000000008006c0a        0x2 
 .text.create_name
                0x0000000008006c0c      0x128 ./Middlewares/Third_Party/FatFs/src/ff.o
 .text.follow_path
                0x0000000008006d34       0xe2 ./Middlewares/Third_Party/FatFs/src/ff.o
 .text.get_ldnumber
                0x0000000008006e16       0x88 ./Middlewares/Third_Party/FatFs/src/ff.o
 *fill*         0x0000000008006e9e        0x2 
 .text.check_fs
                0x0000000008006ea0       0xac ./Middlewares/Third_Party/FatFs/src/ff.o
 .text.find_volume
                0x0000000008006f4c      0x4a8 ./Middlewares/Third_Party/FatFs/src/ff.o
 .text.validate
                0x00000000080073f4       0x8e ./Middlewares/Third_Party/FatFs/src/ff.o
 *fill*         0x0000000008007482        0x2 
 .text.f_mount  0x0000000008007484       0xc8 ./Middlewares/Third_Party/FatFs/src/ff.o
                0x0000000008007484                f_mount
 .text.f_open   0x000000000800754c      0x38a ./Middlewares/Third_Party/FatFs/src/ff.o
                0x000000000800754c                f_open
 .text.f_write  0x00000000080078d6      0x348 ./Middlewares/Third_Party/FatFs/src/ff.o
                0x00000000080078d6                f_write
 .text.f_sync   0x0000000008007c1e      0x112 ./Middlewares/Third_Party/FatFs/src/ff.o
                0x0000000008007c1e                f_sync
 .text.f_close  0x0000000008007d30       0x5e ./Middlewares/Third_Party/FatFs/src/ff.o
                0x0000000008007d30                f_close
 .text.f_opendir
                0x0000000008007d8e       0xf2 ./Middlewares/Third_Party/FatFs/src/ff.o
                0x0000000008007d8e                f_opendir
 .text.f_closedir
                0x0000000008007e80       0x56 ./Middlewares/Third_Party/FatFs/src/ff.o
                0x0000000008007e80                f_closedir
 .text.f_readdir
                0x0000000008007ed6       0x86 ./Middlewares/Third_Party/FatFs/src/ff.o
                0x0000000008007ed6                f_readdir
 .text.f_stat   0x0000000008007f5c       0x80 ./Middlewares/Third_Party/FatFs/src/ff.o
                0x0000000008007f5c                f_stat
 .text.f_unlink
                0x0000000008007fdc      0x164 ./Middlewares/Third_Party/FatFs/src/ff.o
                0x0000000008007fdc                f_unlink
 .text.FATFS_LinkDriverEx
                0x0000000008008140       0x98 ./Middlewares/Third_Party/FatFs/src/ff_gen_drv.o
                0x0000000008008140                FATFS_LinkDriverEx
 .text.FATFS_LinkDriver
                0x00000000080081d8       0x1e ./Middlewares/Third_Party/FatFs/src/ff_gen_drv.o
                0x00000000080081d8                FATFS_LinkDriver
 .text.ff_cre_syncobj
                0x00000000080081f6       0x40 ./Middlewares/Third_Party/FatFs/src/option/syscall.o
                0x00000000080081f6                ff_cre_syncobj
 .text.ff_del_syncobj
                0x0000000008008236       0x18 ./Middlewares/Third_Party/FatFs/src/option/syscall.o
                0x0000000008008236                ff_del_syncobj
 .text.ff_req_grant
                0x000000000800824e       0x2a ./Middlewares/Third_Party/FatFs/src/option/syscall.o
                0x000000000800824e                ff_req_grant
 .text.ff_rel_grant
                0x0000000008008278       0x16 ./Middlewares/Third_Party/FatFs/src/option/syscall.o
                0x0000000008008278                ff_rel_grant
 .text.inHandlerMode
                0x000000000800828e       0x24 ./Middlewares/Third_Party/FreeRTOS/Source/CMSIS_RTOS/cmsis_os.o
 .text.osSemaphoreCreate
                0x00000000080082b2       0x64 ./Middlewares/Third_Party/FreeRTOS/Source/CMSIS_RTOS/cmsis_os.o
                0x00000000080082b2                osSemaphoreCreate
 *fill*         0x0000000008008316        0x2 
 .text.osSemaphoreWait
                0x0000000008008318       0x9c ./Middlewares/Third_Party/FreeRTOS/Source/CMSIS_RTOS/cmsis_os.o
                0x0000000008008318                osSemaphoreWait
 .text.osSemaphoreRelease
                0x00000000080083b4       0x6c ./Middlewares/Third_Party/FreeRTOS/Source/CMSIS_RTOS/cmsis_os.o
                0x00000000080083b4                osSemaphoreRelease
 .text.osSemaphoreDelete
                0x0000000008008420       0x26 ./Middlewares/Third_Party/FreeRTOS/Source/CMSIS_RTOS/cmsis_os.o
                0x0000000008008420                osSemaphoreDelete
 .text.vListInitialise
                0x0000000008008446       0x40 ./Middlewares/Third_Party/FreeRTOS/Source/list.o
                0x0000000008008446                vListInitialise
 .text.vListInitialiseItem
                0x0000000008008486       0x1a ./Middlewares/Third_Party/FreeRTOS/Source/list.o
                0x0000000008008486                vListInitialiseItem
 .text.vListInsertEnd
                0x00000000080084a0       0x48 ./Middlewares/Third_Party/FreeRTOS/Source/list.o
                0x00000000080084a0                vListInsertEnd
 .text.vListInsert
                0x00000000080084e8       0x72 ./Middlewares/Third_Party/FreeRTOS/Source/list.o
                0x00000000080084e8                vListInsert
 .text.uxListRemove
                0x000000000800855a       0x54 ./Middlewares/Third_Party/FreeRTOS/Source/list.o
                0x000000000800855a                uxListRemove
 *fill*         0x00000000080085ae        0x2 
 .text.xQueueGenericReset
                0x00000000080085b0       0xd0 ./Middlewares/Third_Party/FreeRTOS/Source/queue.o
                0x00000000080085b0                xQueueGenericReset
 .text.xQueueGenericCreateStatic
                0x0000000008008680       0xf0 ./Middlewares/Third_Party/FreeRTOS/Source/queue.o
                0x0000000008008680                xQueueGenericCreateStatic
 .text.xQueueGenericCreate
                0x0000000008008770       0x74 ./Middlewares/Third_Party/FreeRTOS/Source/queue.o
                0x0000000008008770                xQueueGenericCreate
 .text.prvInitialiseNewQueue
                0x00000000080087e4       0x3e ./Middlewares/Third_Party/FreeRTOS/Source/queue.o
 *fill*         0x0000000008008822        0x2 
 .text.xQueueGenericSend
                0x0000000008008824      0x1fc ./Middlewares/Third_Party/FreeRTOS/Source/queue.o
                0x0000000008008824                xQueueGenericSend
 .text.xQueueGiveFromISR
                0x0000000008008a20      0x11a ./Middlewares/Third_Party/FreeRTOS/Source/queue.o
                0x0000000008008a20                xQueueGiveFromISR
 *fill*         0x0000000008008b3a        0x2 
 .text.xQueueSemaphoreTake
                0x0000000008008b3c      0x218 ./Middlewares/Third_Party/FreeRTOS/Source/queue.o
                0x0000000008008b3c                xQueueSemaphoreTake
 .text.xQueueReceiveFromISR
                0x0000000008008d54      0x100 ./Middlewares/Third_Party/FreeRTOS/Source/queue.o
                0x0000000008008d54                xQueueReceiveFromISR
 .text.vQueueDelete
                0x0000000008008e54       0x46 ./Middlewares/Third_Party/FreeRTOS/Source/queue.o
                0x0000000008008e54                vQueueDelete
 .text.prvGetDisinheritPriorityAfterTimeout
                0x0000000008008e9a       0x30 ./Middlewares/Third_Party/FreeRTOS/Source/queue.o
 .text.prvCopyDataToQueue
                0x0000000008008eca       0xd4 ./Middlewares/Third_Party/FreeRTOS/Source/queue.o
 .text.prvCopyDataFromQueue
                0x0000000008008f9e       0x4c ./Middlewares/Third_Party/FreeRTOS/Source/queue.o
 .text.prvUnlockQueue
                0x0000000008008fea       0xa4 ./Middlewares/Third_Party/FreeRTOS/Source/queue.o
 .text.prvIsQueueEmpty
                0x000000000800908e       0x2c ./Middlewares/Third_Party/FreeRTOS/Source/queue.o
 .text.prvIsQueueFull
                0x00000000080090ba       0x30 ./Middlewares/Third_Party/FreeRTOS/Source/queue.o
 *fill*         0x00000000080090ea        0x2 
 .text.vQueueUnregisterQueue
                0x00000000080090ec       0x54 ./Middlewares/Third_Party/FreeRTOS/Source/queue.o
                0x00000000080090ec                vQueueUnregisterQueue
 .text.xTaskCreateStatic
                0x0000000008009140       0xba ./Middlewares/Third_Party/FreeRTOS/Source/tasks.o
                0x0000000008009140                xTaskCreateStatic
 .text.xTaskCreate
                0x00000000080091fa       0x8a ./Middlewares/Third_Party/FreeRTOS/Source/tasks.o
                0x00000000080091fa                xTaskCreate
 .text.prvInitialiseNewTask
                0x0000000008009284      0x10e ./Middlewares/Third_Party/FreeRTOS/Source/tasks.o
 *fill*         0x0000000008009392        0x2 
 .text.prvAddNewTaskToReadyList
                0x0000000008009394       0xd4 ./Middlewares/Third_Party/FreeRTOS/Source/tasks.o
 .text.vTaskDelay
                0x0000000008009468       0x68 ./Middlewares/Third_Party/FreeRTOS/Source/tasks.o
                0x0000000008009468                vTaskDelay
 .text.vTaskStartScheduler
                0x00000000080094d0       0xc0 ./Middlewares/Third_Party/FreeRTOS/Source/tasks.o
                0x00000000080094d0                vTaskStartScheduler
 .text.vTaskSuspendAll
                0x0000000008009590       0x1c ./Middlewares/Third_Party/FreeRTOS/Source/tasks.o
                0x0000000008009590                vTaskSuspendAll
 .text.xTaskResumeAll
                0x00000000080095ac      0x138 ./Middlewares/Third_Party/FreeRTOS/Source/tasks.o
                0x00000000080095ac                xTaskResumeAll
 .text.xTaskIncrementTick
                0x00000000080096e4      0x170 ./Middlewares/Third_Party/FreeRTOS/Source/tasks.o
                0x00000000080096e4                xTaskIncrementTick
 .text.vTaskSwitchContext
                0x0000000008009854       0xb8 ./Middlewares/Third_Party/FreeRTOS/Source/tasks.o
                0x0000000008009854                vTaskSwitchContext
 .text.vTaskPlaceOnEventList
                0x000000000800990c       0x48 ./Middlewares/Third_Party/FreeRTOS/Source/tasks.o
                0x000000000800990c                vTaskPlaceOnEventList
 .text.xTaskRemoveFromEventList
                0x0000000008009954       0xc4 ./Middlewares/Third_Party/FreeRTOS/Source/tasks.o
                0x0000000008009954                xTaskRemoveFromEventList
 .text.vTaskInternalSetTimeOutState
                0x0000000008009a18       0x2c ./Middlewares/Third_Party/FreeRTOS/Source/tasks.o
                0x0000000008009a18                vTaskInternalSetTimeOutState
 .text.xTaskCheckForTimeOut
                0x0000000008009a44       0xc4 ./Middlewares/Third_Party/FreeRTOS/Source/tasks.o
                0x0000000008009a44                xTaskCheckForTimeOut
 .text.vTaskMissedYield
                0x0000000008009b08       0x18 ./Middlewares/Third_Party/FreeRTOS/Source/tasks.o
                0x0000000008009b08                vTaskMissedYield
 .text.prvIdleTask
                0x0000000008009b20       0x30 ./Middlewares/Third_Party/FreeRTOS/Source/tasks.o
 .text.prvInitialiseTaskLists
                0x0000000008009b50       0x80 ./Middlewares/Third_Party/FreeRTOS/Source/tasks.o
 .text.prvCheckTasksWaitingTermination
                0x0000000008009bd0       0x5c ./Middlewares/Third_Party/FreeRTOS/Source/tasks.o
 .text.prvDeleteTCB
                0x0000000008009c2c       0x5e ./Middlewares/Third_Party/FreeRTOS/Source/tasks.o
 *fill*         0x0000000008009c8a        0x2 
 .text.prvResetNextTaskUnblockTime
                0x0000000008009c8c       0x40 ./Middlewares/Third_Party/FreeRTOS/Source/tasks.o
 .text.xTaskGetSchedulerState
                0x0000000008009ccc       0x3c ./Middlewares/Third_Party/FreeRTOS/Source/tasks.o
                0x0000000008009ccc                xTaskGetSchedulerState
 .text.xTaskPriorityInherit
                0x0000000008009d08       0xec ./Middlewares/Third_Party/FreeRTOS/Source/tasks.o
                0x0000000008009d08                xTaskPriorityInherit
 .text.xTaskPriorityDisinherit
                0x0000000008009df4      0x10c ./Middlewares/Third_Party/FreeRTOS/Source/tasks.o
                0x0000000008009df4                xTaskPriorityDisinherit
 .text.vTaskPriorityDisinheritAfterTimeout
                0x0000000008009f00      0x11c ./Middlewares/Third_Party/FreeRTOS/Source/tasks.o
                0x0000000008009f00                vTaskPriorityDisinheritAfterTimeout
 .text.pvTaskIncrementMutexHeldCount
                0x000000000800a01c       0x28 ./Middlewares/Third_Party/FreeRTOS/Source/tasks.o
                0x000000000800a01c                pvTaskIncrementMutexHeldCount
 .text.prvAddCurrentTaskToDelayedList
                0x000000000800a044       0xcc ./Middlewares/Third_Party/FreeRTOS/Source/tasks.o
 .text.pxPortInitialiseStack
                0x000000000800a110       0x68 ./Middlewares/Third_Party/FreeRTOS/Source/portable/GCC/ARM_CM4F/port.o
                0x000000000800a110                pxPortInitialiseStack
 .text.prvTaskExitError
                0x000000000800a178       0x58 ./Middlewares/Third_Party/FreeRTOS/Source/portable/GCC/ARM_CM4F/port.o
 .text.SVC_Handler
                0x000000000800a1d0       0x28 ./Middlewares/Third_Party/FreeRTOS/Source/portable/GCC/ARM_CM4F/port.o
                0x000000000800a1d0                SVC_Handler
 .text.prvPortStartFirstTask
                0x000000000800a1f8       0x28 ./Middlewares/Third_Party/FreeRTOS/Source/portable/GCC/ARM_CM4F/port.o
 .text.xPortStartScheduler
                0x000000000800a220      0x144 ./Middlewares/Third_Party/FreeRTOS/Source/portable/GCC/ARM_CM4F/port.o
                0x000000000800a220                xPortStartScheduler
 .text.vPortEnterCritical
                0x000000000800a364       0x60 ./Middlewares/Third_Party/FreeRTOS/Source/portable/GCC/ARM_CM4F/port.o
                0x000000000800a364                vPortEnterCritical
 .text.vPortExitCritical
                0x000000000800a3c4       0x54 ./Middlewares/Third_Party/FreeRTOS/Source/portable/GCC/ARM_CM4F/port.o
                0x000000000800a3c4                vPortExitCritical
 *fill*         0x000000000800a418        0x8 
 .text.PendSV_Handler
                0x000000000800a420       0x68 ./Middlewares/Third_Party/FreeRTOS/Source/portable/GCC/ARM_CM4F/port.o
                0x000000000800a420                PendSV_Handler
 .text.SysTick_Handler
                0x000000000800a488       0x44 ./Middlewares/Third_Party/FreeRTOS/Source/portable/GCC/ARM_CM4F/port.o
                0x000000000800a488                SysTick_Handler
 .text.vPortSetupTimerInterrupt
                0x000000000800a4cc       0x48 ./Middlewares/Third_Party/FreeRTOS/Source/portable/GCC/ARM_CM4F/port.o
                0x000000000800a4cc                vPortSetupTimerInterrupt
 .text.vPortEnableVFP
                0x000000000800a514       0x14 ./Middlewares/Third_Party/FreeRTOS/Source/portable/GCC/ARM_CM4F/port.o
 .text.vPortValidateInterruptPriority
                0x000000000800a528       0x80 ./Middlewares/Third_Party/FreeRTOS/Source/portable/GCC/ARM_CM4F/port.o
                0x000000000800a528                vPortValidateInterruptPriority
 .text.pvPortMalloc
                0x000000000800a5a8      0x198 ./Middlewares/Third_Party/FreeRTOS/Source/portable/MemMang/heap_4.o
                0x000000000800a5a8                pvPortMalloc
 .text.vPortFree
                0x000000000800a740       0xc4 ./Middlewares/Third_Party/FreeRTOS/Source/portable/MemMang/heap_4.o
                0x000000000800a740                vPortFree
 .text.prvHeapInit
                0x000000000800a804       0xc4 ./Middlewares/Third_Party/FreeRTOS/Source/portable/MemMang/heap_4.o
 .text.prvInsertBlockIntoFreeList
                0x000000000800a8c8       0xb4 ./Middlewares/Third_Party/FreeRTOS/Source/portable/MemMang/heap_4.o
 .text.sprintf  0x000000000800a97c       0x40 C:/ST/STM32CubeIDE_1.14.1/STM32CubeIDE/plugins/com.st.stm32cube.ide.mcu.externaltools.gnu-tools-for-stm32.11.3.rel1.win32_1.1.100.202309141235/tools/bin/../lib/gcc/arm-none-eabi/11.3.1/../../../../arm-none-eabi/lib/thumb/v7e-m+fp/hard\libc_nano.a(libc_a-sprintf.o)
                0x000000000800a97c                siprintf
                0x000000000800a97c                sprintf
 .text.memset   0x000000000800a9bc       0x10 C:/ST/STM32CubeIDE_1.14.1/STM32CubeIDE/plugins/com.st.stm32cube.ide.mcu.externaltools.gnu-tools-for-stm32.11.3.rel1.win32_1.1.100.202309141235/tools/bin/../lib/gcc/arm-none-eabi/11.3.1/../../../../arm-none-eabi/lib/thumb/v7e-m+fp/hard\libc_nano.a(libc_a-memset.o)
                0x000000000800a9bc                memset
 .text.__errno  0x000000000800a9cc        0xc C:/ST/STM32CubeIDE_1.14.1/STM32CubeIDE/plugins/com.st.stm32cube.ide.mcu.externaltools.gnu-tools-for-stm32.11.3.rel1.win32_1.1.100.202309141235/tools/bin/../lib/gcc/arm-none-eabi/11.3.1/../../../../arm-none-eabi/lib/thumb/v7e-m+fp/hard\libc_nano.a(libc_a-errno.o)
                0x000000000800a9cc                __errno
 .text.__libc_init_array
                0x000000000800a9d8       0x48 C:/ST/STM32CubeIDE_1.14.1/STM32CubeIDE/plugins/com.st.stm32cube.ide.mcu.externaltools.gnu-tools-for-stm32.11.3.rel1.win32_1.1.100.202309141235/tools/bin/../lib/gcc/arm-none-eabi/11.3.1/../../../../arm-none-eabi/lib/thumb/v7e-m+fp/hard\libc_nano.a(libc_a-init.o)
                0x000000000800a9d8                __libc_init_array
 .text.__retarget_lock_acquire_recursive
                0x000000000800aa20        0x2 C:/ST/STM32CubeIDE_1.14.1/STM32CubeIDE/plugins/com.st.stm32cube.ide.mcu.externaltools.gnu-tools-for-stm32.11.3.rel1.win32_1.1.100.202309141235/tools/bin/../lib/gcc/arm-none-eabi/11.3.1/../../../../arm-none-eabi/lib/thumb/v7e-m+fp/hard\libc_nano.a(libc_a-lock.o)
                0x000000000800aa20                __retarget_lock_acquire_recursive
 .text.__retarget_lock_release_recursive
                0x000000000800aa22        0x2 C:/ST/STM32CubeIDE_1.14.1/STM32CubeIDE/plugins/com.st.stm32cube.ide.mcu.externaltools.gnu-tools-for-stm32.11.3.rel1.win32_1.1.100.202309141235/tools/bin/../lib/gcc/arm-none-eabi/11.3.1/../../../../arm-none-eabi/lib/thumb/v7e-m+fp/hard\libc_nano.a(libc_a-lock.o)
                0x000000000800aa22                __retarget_lock_release_recursive
 .text.memcpy   0x000000000800aa24       0x1c C:/ST/STM32CubeIDE_1.14.1/STM32CubeIDE/plugins/com.st.stm32cube.ide.mcu.externaltools.gnu-tools-for-stm32.11.3.rel1.win32_1.1.100.202309141235/tools/bin/../lib/gcc/arm-none-eabi/11.3.1/../../../../arm-none-eabi/lib/thumb/v7e-m+fp/hard\libc_nano.a(libc_a-memcpy-stub.o)
                0x000000000800aa24                memcpy
 .text._free_r  0x000000000800aa40       0x98 C:/ST/STM32CubeIDE_1.14.1/STM32CubeIDE/plugins/com.st.stm32cube.ide.mcu.externaltools.gnu-tools-for-stm32.11.3.rel1.win32_1.1.100.202309141235/tools/bin/../lib/gcc/arm-none-eabi/11.3.1/../../../../arm-none-eabi/lib/thumb/v7e-m+fp/hard\libc_nano.a(libc_a-freer.o)
                0x000000000800aa40                _free_r
 .text.sbrk_aligned
                0x000000000800aad8       0x40 C:/ST/STM32CubeIDE_1.14.1/STM32CubeIDE/plugins/com.st.stm32cube.ide.mcu.externaltools.gnu-tools-for-stm32.11.3.rel1.win32_1.1.100.202309141235/tools/bin/../lib/gcc/arm-none-eabi/11.3.1/../../../../arm-none-eabi/lib/thumb/v7e-m+fp/hard\libc_nano.a(libc_a-mallocr.o)
 .text._malloc_r
                0x000000000800ab18      0x100 C:/ST/STM32CubeIDE_1.14.1/STM32CubeIDE/plugins/com.st.stm32cube.ide.mcu.externaltools.gnu-tools-for-stm32.11.3.rel1.win32_1.1.100.202309141235/tools/bin/../lib/gcc/arm-none-eabi/11.3.1/../../../../arm-none-eabi/lib/thumb/v7e-m+fp/hard\libc_nano.a(libc_a-mallocr.o)
                0x000000000800ab18                _malloc_r
 .text.__malloc_lock
                0x000000000800ac18        0xc C:/ST/STM32CubeIDE_1.14.1/STM32CubeIDE/plugins/com.st.stm32cube.ide.mcu.externaltools.gnu-tools-for-stm32.11.3.rel1.win32_1.1.100.202309141235/tools/bin/../lib/gcc/arm-none-eabi/11.3.1/../../../../arm-none-eabi/lib/thumb/v7e-m+fp/hard\libc_nano.a(libc_a-mlock.o)
                0x000000000800ac18                __malloc_lock
 .text.__malloc_unlock
                0x000000000800ac24        0xc C:/ST/STM32CubeIDE_1.14.1/STM32CubeIDE/plugins/com.st.stm32cube.ide.mcu.externaltools.gnu-tools-for-stm32.11.3.rel1.win32_1.1.100.202309141235/tools/bin/../lib/gcc/arm-none-eabi/11.3.1/../../../../arm-none-eabi/lib/thumb/v7e-m+fp/hard\libc_nano.a(libc_a-mlock.o)
                0x000000000800ac24                __malloc_unlock
 .text.__ssputs_r
                0x000000000800ac30       0xb4 C:/ST/STM32CubeIDE_1.14.1/STM32CubeIDE/plugins/com.st.stm32cube.ide.mcu.externaltools.gnu-tools-for-stm32.11.3.rel1.win32_1.1.100.202309141235/tools/bin/../lib/gcc/arm-none-eabi/11.3.1/../../../../arm-none-eabi/lib/thumb/v7e-m+fp/hard\libc_nano.a(libc_a-nano-svfprintf.o)
                0x000000000800ac30                __ssputs_r
 .text._svfprintf_r
                0x000000000800ace4      0x1fc C:/ST/STM32CubeIDE_1.14.1/STM32CubeIDE/plugins/com.st.stm32cube.ide.mcu.externaltools.gnu-tools-for-stm32.11.3.rel1.win32_1.1.100.202309141235/tools/bin/../lib/gcc/arm-none-eabi/11.3.1/../../../../arm-none-eabi/lib/thumb/v7e-m+fp/hard\libc_nano.a(libc_a-nano-svfprintf.o)
                0x000000000800ace4                _svfiprintf_r
                0x000000000800ace4                _svfprintf_r
 .text._printf_common
                0x000000000800aee0       0xda C:/ST/STM32CubeIDE_1.14.1/STM32CubeIDE/plugins/com.st.stm32cube.ide.mcu.externaltools.gnu-tools-for-stm32.11.3.rel1.win32_1.1.100.202309141235/tools/bin/../lib/gcc/arm-none-eabi/11.3.1/../../../../arm-none-eabi/lib/thumb/v7e-m+fp/hard\libc_nano.a(libc_a-nano-vfprintf_i.o)
                0x000000000800aee0                _printf_common
 *fill*         0x000000000800afba        0x2 
 .text._printf_i
                0x000000000800afbc      0x244 C:/ST/STM32CubeIDE_1.14.1/STM32CubeIDE/plugins/com.st.stm32cube.ide.mcu.externaltools.gnu-tools-for-stm32.11.3.rel1.win32_1.1.100.202309141235/tools/bin/../lib/gcc/arm-none-eabi/11.3.1/../../../../arm-none-eabi/lib/thumb/v7e-m+fp/hard\libc_nano.a(libc_a-nano-vfprintf_i.o)
                0x000000000800afbc                _printf_i
 .text.memmove  0x000000000800b200       0x34 C:/ST/STM32CubeIDE_1.14.1/STM32CubeIDE/plugins/com.st.stm32cube.ide.mcu.externaltools.gnu-tools-for-stm32.11.3.rel1.win32_1.1.100.202309141235/tools/bin/../lib/gcc/arm-none-eabi/11.3.1/../../../../arm-none-eabi/lib/thumb/v7e-m+fp/hard\libc_nano.a(libc_a-memmove.o)
                0x000000000800b200                memmove
 .text._sbrk_r  0x000000000800b234       0x20 C:/ST/STM32CubeIDE_1.14.1/STM32CubeIDE/plugins/com.st.stm32cube.ide.mcu.externaltools.gnu-tools-for-stm32.11.3.rel1.win32_1.1.100.202309141235/tools/bin/../lib/gcc/arm-none-eabi/11.3.1/../../../../arm-none-eabi/lib/thumb/v7e-m+fp/hard\libc_nano.a(libc_a-sbrkr.o)
                0x000000000800b234                _sbrk_r
 .text._realloc_r
                0x000000000800b254       0x5e C:/ST/STM32CubeIDE_1.14.1/STM32CubeIDE/plugins/com.st.stm32cube.ide.mcu.externaltools.gnu-tools-for-stm32.11.3.rel1.win32_1.1.100.202309141235/tools/bin/../lib/gcc/arm-none-eabi/11.3.1/../../../../arm-none-eabi/lib/thumb/v7e-m+fp/hard\libc_nano.a(libc_a-reallocr.o)
                0x000000000800b254                _realloc_r
 .text._malloc_usable_size_r
                0x000000000800b2b2       0x10 C:/ST/STM32CubeIDE_1.14.1/STM32CubeIDE/plugins/com.st.stm32cube.ide.mcu.externaltools.gnu-tools-for-stm32.11.3.rel1.win32_1.1.100.202309141235/tools/bin/../lib/gcc/arm-none-eabi/11.3.1/../../../../arm-none-eabi/lib/thumb/v7e-m+fp/hard\libc_nano.a(libc_a-msizer.o)
                0x000000000800b2b2                _malloc_usable_size_r
 *(.glue_7)
 .glue_7        0x000000000800b2c2        0x0 linker stubs
 *(.glue_7t)
 .glue_7t       0x000000000800b2c2        0x0 linker stubs
 *(.eh_frame)
 *fill*         0x000000000800b2c2        0x2 
 .eh_frame      0x000000000800b2c4        0x0 C:/ST/STM32CubeIDE_1.14.1/STM32CubeIDE/plugins/com.st.stm32cube.ide.mcu.externaltools.gnu-tools-for-stm32.11.3.rel1.win32_1.1.100.202309141235/tools/bin/../lib/gcc/arm-none-eabi/11.3.1/thumb/v7e-m+fp/hard/crtbegin.o
 *(.init)
 .init          0x000000000800b2c4        0x4 C:/ST/STM32CubeIDE_1.14.1/STM32CubeIDE/plugins/com.st.stm32cube.ide.mcu.externaltools.gnu-tools-for-stm32.11.3.rel1.win32_1.1.100.202309141235/tools/bin/../lib/gcc/arm-none-eabi/11.3.1/thumb/v7e-m+fp/hard/crti.o
                0x000000000800b2c4                _init
 .init          0x000000000800b2c8        0x8 C:/ST/STM32CubeIDE_1.14.1/STM32CubeIDE/plugins/com.st.stm32cube.ide.mcu.externaltools.gnu-tools-for-stm32.11.3.rel1.win32_1.1.100.202309141235/tools/bin/../lib/gcc/arm-none-eabi/11.3.1/thumb/v7e-m+fp/hard/crtn.o
 *(.fini)
 .fini          0x000000000800b2d0        0x4 C:/ST/STM32CubeIDE_1.14.1/STM32CubeIDE/plugins/com.st.stm32cube.ide.mcu.externaltools.gnu-tools-for-stm32.11.3.rel1.win32_1.1.100.202309141235/tools/bin/../lib/gcc/arm-none-eabi/11.3.1/thumb/v7e-m+fp/hard/crti.o
                0x000000000800b2d0                _fini
 .fini          0x000000000800b2d4        0x8 C:/ST/STM32CubeIDE_1.14.1/STM32CubeIDE/plugins/com.st.stm32cube.ide.mcu.externaltools.gnu-tools-for-stm32.11.3.rel1.win32_1.1.100.202309141235/tools/bin/../lib/gcc/arm-none-eabi/11.3.1/thumb/v7e-m+fp/hard/crtn.o
                0x000000000800b2dc                . = ALIGN (0x4)
                0x000000000800b2dc                _etext = .

.vfp11_veneer   0x000000000800b2dc        0x0
 .vfp11_veneer  0x000000000800b2dc        0x0 linker stubs

.v4_bx          0x000000000800b2dc        0x0
 .v4_bx         0x000000000800b2dc        0x0 linker stubs

.iplt           0x000000000800b2dc        0x0
 .iplt          0x000000000800b2dc        0x0 C:/ST/STM32CubeIDE_1.14.1/STM32CubeIDE/plugins/com.st.stm32cube.ide.mcu.externaltools.gnu-tools-for-stm32.11.3.rel1.win32_1.1.100.202309141235/tools/bin/../lib/gcc/arm-none-eabi/11.3.1/thumb/v7e-m+fp/hard/crtbegin.o

.rodata         0x000000000800b2dc      0x5a8
                0x000000000800b2dc                . = ALIGN (0x4)
 *(.rodata)
 .rodata        0x000000000800b2dc      0x416 ./Core/Src/File_Handling_RTOS.o
 *fill*         0x000000000800b6f2        0x2 
 .rodata        0x000000000800b6f4       0x77 ./Core/Src/main.o
 *fill*         0x000000000800b76b        0x1 
 .rodata        0x000000000800b76c       0x44 ./Middlewares/Third_Party/FatFs/src/ff.o
 .rodata        0x000000000800b7b0        0x5 ./Middlewares/Third_Party/FreeRTOS/Source/tasks.o
 *(.rodata*)
 *fill*         0x000000000800b7b5        0x3 
 .rodata.AHBPrescTable
                0x000000000800b7b8       0x10 ./Core/Src/system_stm32f4xx.o
                0x000000000800b7b8                AHBPrescTable
 .rodata.APBPrescTable
                0x000000000800b7c8        0x8 ./Core/Src/system_stm32f4xx.o
                0x000000000800b7c8                APBPrescTable
 .rodata.ExCvt  0x000000000800b7d0       0x80 ./Middlewares/Third_Party/FatFs/src/ff.o
 .rodata._svfprintf_r.str1.1
                0x000000000800b850       0x11 C:/ST/STM32CubeIDE_1.14.1/STM32CubeIDE/plugins/com.st.stm32cube.ide.mcu.externaltools.gnu-tools-for-stm32.11.3.rel1.win32_1.1.100.202309141235/tools/bin/../lib/gcc/arm-none-eabi/11.3.1/../../../../arm-none-eabi/lib/thumb/v7e-m+fp/hard\libc_nano.a(libc_a-nano-svfprintf.o)
 .rodata._printf_i.str1.1
                0x000000000800b861       0x22 C:/ST/STM32CubeIDE_1.14.1/STM32CubeIDE/plugins/com.st.stm32cube.ide.mcu.externaltools.gnu-tools-for-stm32.11.3.rel1.win32_1.1.100.202309141235/tools/bin/../lib/gcc/arm-none-eabi/11.3.1/../../../../arm-none-eabi/lib/thumb/v7e-m+fp/hard\libc_nano.a(libc_a-nano-vfprintf_i.o)
                0x000000000800b884                . = ALIGN (0x4)
 *fill*         0x000000000800b883        0x1 

.ARM.extab      0x000000000800b884        0x0
                0x000000000800b884                . = ALIGN (0x4)
 *(.ARM.extab* .gnu.linkonce.armextab.*)
                0x000000000800b884                . = ALIGN (0x4)

.ARM            0x000000000800b884        0x8
                0x000000000800b884                . = ALIGN (0x4)
                0x000000000800b884                __exidx_start = .
 *(.ARM.exidx*)
 .ARM.exidx     0x000000000800b884        0x8 C:/ST/STM32CubeIDE_1.14.1/STM32CubeIDE/plugins/com.st.stm32cube.ide.mcu.externaltools.gnu-tools-for-stm32.11.3.rel1.win32_1.1.100.202309141235/tools/bin/../lib/gcc/arm-none-eabi/11.3.1/thumb/v7e-m+fp/hard\libgcc.a(_udivmoddi4.o)
                0x000000000800b88c                __exidx_end = .
                0x000000000800b88c                . = ALIGN (0x4)

.rel.dyn        0x000000000800b88c        0x0
 .rel.iplt      0x000000000800b88c        0x0 C:/ST/STM32CubeIDE_1.14.1/STM32CubeIDE/plugins/com.st.stm32cube.ide.mcu.externaltools.gnu-tools-for-stm32.11.3.rel1.win32_1.1.100.202309141235/tools/bin/../lib/gcc/arm-none-eabi/11.3.1/thumb/v7e-m+fp/hard/crtbegin.o

.preinit_array  0x000000000800b88c        0x0
                0x000000000800b88c                . = ALIGN (0x4)
                0x000000000800b88c                PROVIDE (__preinit_array_start = .)
 *(.preinit_array*)
                0x000000000800b88c                PROVIDE (__preinit_array_end = .)
                0x000000000800b88c                . = ALIGN (0x4)

.init_array     0x000000000800b88c        0x4
                0x000000000800b88c                . = ALIGN (0x4)
                0x000000000800b88c                PROVIDE (__init_array_start = .)
 *(SORT_BY_NAME(.init_array.*))
 *(.init_array*)
 .init_array    0x000000000800b88c        0x4 C:/ST/STM32CubeIDE_1.14.1/STM32CubeIDE/plugins/com.st.stm32cube.ide.mcu.externaltools.gnu-tools-for-stm32.11.3.rel1.win32_1.1.100.202309141235/tools/bin/../lib/gcc/arm-none-eabi/11.3.1/thumb/v7e-m+fp/hard/crtbegin.o
                0x000000000800b890                PROVIDE (__init_array_end = .)
                0x000000000800b890                . = ALIGN (0x4)

.fini_array     0x000000000800b890        0x4
                0x000000000800b890                . = ALIGN (0x4)
                [!provide]                        PROVIDE (__fini_array_start = .)
 *(SORT_BY_NAME(.fini_array.*))
 *(.fini_array*)
 .fini_array    0x000000000800b890        0x4 C:/ST/STM32CubeIDE_1.14.1/STM32CubeIDE/plugins/com.st.stm32cube.ide.mcu.externaltools.gnu-tools-for-stm32.11.3.rel1.win32_1.1.100.202309141235/tools/bin/../lib/gcc/arm-none-eabi/11.3.1/thumb/v7e-m+fp/hard/crtbegin.o
                [!provide]                        PROVIDE (__fini_array_end = .)
                0x000000000800b894                . = ALIGN (0x4)
                0x000000000800b894                _sidata = LOADADDR (.data)

.data           0x0000000020000000       0x78 load address 0x000000000800b894
                0x0000000020000000                . = ALIGN (0x4)
                0x0000000020000000                _sdata = .
 *(.data)
 *(.data*)
 .data.Stat     0x0000000020000000        0x1 ./Core/Src/fatfs_sd.o
 *fill*         0x0000000020000001        0x3 
 .data.SystemCoreClock
                0x0000000020000004        0x4 ./Core/Src/system_stm32f4xx.o
                0x0000000020000004                SystemCoreClock
 .data.uwTickPrio
                0x0000000020000008        0x4 ./Drivers/STM32F4xx_HAL_Driver/Src/stm32f4xx_hal.o
                0x0000000020000008                uwTickPrio
 .data.uwTickFreq
                0x000000002000000c        0x1 ./Drivers/STM32F4xx_HAL_Driver/Src/stm32f4xx_hal.o
                0x000000002000000c                uwTickFreq
 *fill*         0x000000002000000d        0x3 
 .data.USER_Driver
                0x0000000020000010       0x14 ./FATFS/Target/user_diskio.o
                0x0000000020000010                USER_Driver
 .data.uxCriticalNesting
                0x0000000020000024        0x4 ./Middlewares/Third_Party/FreeRTOS/Source/portable/GCC/ARM_CM4F/port.o
 .data._impure_data
                0x0000000020000028       0x4c C:/ST/STM32CubeIDE_1.14.1/STM32CubeIDE/plugins/com.st.stm32cube.ide.mcu.externaltools.gnu-tools-for-stm32.11.3.rel1.win32_1.1.100.202309141235/tools/bin/../lib/gcc/arm-none-eabi/11.3.1/../../../../arm-none-eabi/lib/thumb/v7e-m+fp/hard\libc_nano.a(libc_a-impure.o)
                0x0000000020000028                _impure_data
 .data._impure_ptr
                0x0000000020000074        0x4 C:/ST/STM32CubeIDE_1.14.1/STM32CubeIDE/plugins/com.st.stm32cube.ide.mcu.externaltools.gnu-tools-for-stm32.11.3.rel1.win32_1.1.100.202309141235/tools/bin/../lib/gcc/arm-none-eabi/11.3.1/../../../../arm-none-eabi/lib/thumb/v7e-m+fp/hard\libc_nano.a(libc_a-impure.o)
                0x0000000020000074                _impure_ptr
 *(.RamFunc)
 *(.RamFunc*)
                0x0000000020000078                . = ALIGN (0x4)
                0x0000000020000078                _edata = .

.igot.plt       0x0000000020000078        0x0 load address 0x000000000800b90c
 .igot.plt      0x0000000020000078        0x0 C:/ST/STM32CubeIDE_1.14.1/STM32CubeIDE/plugins/com.st.stm32cube.ide.mcu.externaltools.gnu-tools-for-stm32.11.3.rel1.win32_1.1.100.202309141235/tools/bin/../lib/gcc/arm-none-eabi/11.3.1/thumb/v7e-m+fp/hard/crtbegin.o
                0x0000000020000078                . = ALIGN (0x4)

.bss            0x0000000020000078     0x4808 load address 0x000000000800b90c
                0x0000000020000078                _sbss = .
                0x0000000020000078                __bss_start__ = _sbss
 *(.bss)
 .bss           0x0000000020000078       0x1c C:/ST/STM32CubeIDE_1.14.1/STM32CubeIDE/plugins/com.st.stm32cube.ide.mcu.externaltools.gnu-tools-for-stm32.11.3.rel1.win32_1.1.100.202309141235/tools/bin/../lib/gcc/arm-none-eabi/11.3.1/thumb/v7e-m+fp/hard/crtbegin.o
 *(.bss*)
 .bss.Rh_byte1  0x0000000020000094        0x1 ./Core/Src/DHT11.o
                0x0000000020000094                Rh_byte1
 .bss.Rh_byte2  0x0000000020000095        0x1 ./Core/Src/DHT11.o
                0x0000000020000095                Rh_byte2
 .bss.Temp_byte1
                0x0000000020000096        0x1 ./Core/Src/DHT11.o
                0x0000000020000096                Temp_byte1
 .bss.Temp_byte2
                0x0000000020000097        0x1 ./Core/Src/DHT11.o
                0x0000000020000097                Temp_byte2
 .bss.SUM       0x0000000020000098        0x2 ./Core/Src/DHT11.o
                0x0000000020000098                SUM
 *fill*         0x000000002000009a        0x2 
 .bss.TEMP      0x000000002000009c        0x4 ./Core/Src/DHT11.o
                0x000000002000009c                TEMP
 .bss.RH        0x00000000200000a0        0x4 ./Core/Src/DHT11.o
                0x00000000200000a0                RH
 .bss.fs        0x00000000200000a4      0x234 ./Core/Src/File_Handling_RTOS.o
                0x00000000200000a4                fs
 .bss.fil       0x00000000200002d8      0x230 ./Core/Src/File_Handling_RTOS.o
                0x00000000200002d8                fil
 .bss.fno       0x0000000020000508       0x18 ./Core/Src/File_Handling_RTOS.o
                0x0000000020000508                fno
 .bss.fresult   0x0000000020000520        0x1 ./Core/Src/File_Handling_RTOS.o
                0x0000000020000520                fresult
 *fill*         0x0000000020000521        0x3 
 .bss.bw        0x0000000020000524        0x4 ./Core/Src/File_Handling_RTOS.o
                0x0000000020000524                bw
 .bss.CardType  0x0000000020000528        0x1 ./Core/Src/fatfs_sd.o
 .bss.PowerFlag
                0x0000000020000529        0x1 ./Core/Src/fatfs_sd.o
 *fill*         0x000000002000052a        0x2 
 .bss.xIdleTaskTCBBuffer
                0x000000002000052c       0x54 ./Core/Src/freertos.o
 .bss.xIdleStack
                0x0000000020000580      0x200 ./Core/Src/freertos.o
 .bss.hadc1     0x0000000020000780       0x48 ./Core/Src/main.o
                0x0000000020000780                hadc1
 .bss.hspi1     0x00000000200007c8       0x58 ./Core/Src/main.o
                0x00000000200007c8                hspi1
 .bss.htim1     0x0000000020000820       0x48 ./Core/Src/main.o
                0x0000000020000820                htim1
 .bss.htim7     0x0000000020000868       0x48 ./Core/Src/main.o
                0x0000000020000868                htim7
 .bss.huart2    0x00000000200008b0       0x48 ./Core/Src/main.o
                0x00000000200008b0                huart2
 .bss.ADC_VAL   0x00000000200008f8        0x2 ./Core/Src/main.o
                0x00000000200008f8                ADC_VAL
 *fill*         0x00000000200008fa        0x2 
 .bss.Temperature
                0x00000000200008fc        0x4 ./Core/Src/main.o
                0x00000000200008fc                Temperature
 .bss.Humidity  0x0000000020000900        0x4 ./Core/Src/main.o
                0x0000000020000900                Humidity
 .bss.ADC_Task_Handler
                0x0000000020000904        0x4 ./Core/Src/main.o
                0x0000000020000904                ADC_Task_Handler
 .bss.DHT_Task_Handler
                0x0000000020000908        0x4 ./Core/Src/main.o
                0x0000000020000908                DHT_Task_Handler
 .bss.SD_Task_Handler
                0x000000002000090c        0x4 ./Core/Src/main.o
                0x000000002000090c                SD_Task_Handler
 .bss.DHT_SEM   0x0000000020000910        0x4 ./Core/Src/main.o
                0x0000000020000910                DHT_SEM
 .bss.htim6     0x0000000020000914       0x48 ./Core/Src/stm32f4xx_hal_timebase_tim.o
                0x0000000020000914                htim6
 .bss.FatFsCnt  0x000000002000095c        0x1 ./Core/Src/stm32f4xx_it.o
                0x000000002000095c                FatFsCnt
 .bss.Timer1    0x000000002000095d        0x1 ./Core/Src/stm32f4xx_it.o
                0x000000002000095d                Timer1
 .bss.Timer2    0x000000002000095e        0x1 ./Core/Src/stm32f4xx_it.o
                0x000000002000095e                Timer2
 *fill*         0x000000002000095f        0x1 
 .bss.__sbrk_heap_end
                0x0000000020000960        0x4 ./Core/Src/sysmem.o
 .bss.uwTick    0x0000000020000964        0x4 ./Drivers/STM32F4xx_HAL_Driver/Src/stm32f4xx_hal.o
                0x0000000020000964                uwTick
 .bss.retUSER   0x0000000020000968        0x1 ./FATFS/App/fatfs.o
                0x0000000020000968                retUSER
 *fill*         0x0000000020000969        0x3 
 .bss.USERPath  0x000000002000096c        0x4 ./FATFS/App/fatfs.o
                0x000000002000096c                USERPath
 .bss.FatFs     0x0000000020000970        0x4 ./Middlewares/Third_Party/FatFs/src/ff.o
 .bss.Fsid      0x0000000020000974        0x2 ./Middlewares/Third_Party/FatFs/src/ff.o
 *fill*         0x0000000020000976        0x2 
 .bss.Files     0x0000000020000978       0x20 ./Middlewares/Third_Party/FatFs/src/ff.o
 .bss.disk      0x0000000020000998        0xc ./Middlewares/Third_Party/FatFs/src/ff_gen_drv.o
                0x0000000020000998                disk
 .bss.xQueueRegistry
                0x00000000200009a4       0x40 ./Middlewares/Third_Party/FreeRTOS/Source/queue.o
                0x00000000200009a4                xQueueRegistry
 .bss.pxCurrentTCB
                0x00000000200009e4        0x4 ./Middlewares/Third_Party/FreeRTOS/Source/tasks.o
                0x00000000200009e4                pxCurrentTCB
 .bss.pxReadyTasksLists
                0x00000000200009e8       0x8c ./Middlewares/Third_Party/FreeRTOS/Source/tasks.o
 .bss.xDelayedTaskList1
                0x0000000020000a74       0x14 ./Middlewares/Third_Party/FreeRTOS/Source/tasks.o
 .bss.xDelayedTaskList2
                0x0000000020000a88       0x14 ./Middlewares/Third_Party/FreeRTOS/Source/tasks.o
 .bss.pxDelayedTaskList
                0x0000000020000a9c        0x4 ./Middlewares/Third_Party/FreeRTOS/Source/tasks.o
 .bss.pxOverflowDelayedTaskList
                0x0000000020000aa0        0x4 ./Middlewares/Third_Party/FreeRTOS/Source/tasks.o
 .bss.xPendingReadyList
                0x0000000020000aa4       0x14 ./Middlewares/Third_Party/FreeRTOS/Source/tasks.o
 .bss.xTasksWaitingTermination
                0x0000000020000ab8       0x14 ./Middlewares/Third_Party/FreeRTOS/Source/tasks.o
 .bss.uxDeletedTasksWaitingCleanUp
                0x0000000020000acc        0x4 ./Middlewares/Third_Party/FreeRTOS/Source/tasks.o
 .bss.xSuspendedTaskList
                0x0000000020000ad0       0x14 ./Middlewares/Third_Party/FreeRTOS/Source/tasks.o
 .bss.uxCurrentNumberOfTasks
                0x0000000020000ae4        0x4 ./Middlewares/Third_Party/FreeRTOS/Source/tasks.o
 .bss.xTickCount
                0x0000000020000ae8        0x4 ./Middlewares/Third_Party/FreeRTOS/Source/tasks.o
 .bss.uxTopReadyPriority
                0x0000000020000aec        0x4 ./Middlewares/Third_Party/FreeRTOS/Source/tasks.o
 .bss.xSchedulerRunning
                0x0000000020000af0        0x4 ./Middlewares/Third_Party/FreeRTOS/Source/tasks.o
 .bss.xPendedTicks
                0x0000000020000af4        0x4 ./Middlewares/Third_Party/FreeRTOS/Source/tasks.o
 .bss.xYieldPending
                0x0000000020000af8        0x4 ./Middlewares/Third_Party/FreeRTOS/Source/tasks.o
 .bss.xNumOfOverflows
                0x0000000020000afc        0x4 ./Middlewares/Third_Party/FreeRTOS/Source/tasks.o
 .bss.uxTaskNumber
                0x0000000020000b00        0x4 ./Middlewares/Third_Party/FreeRTOS/Source/tasks.o
 .bss.xNextTaskUnblockTime
                0x0000000020000b04        0x4 ./Middlewares/Third_Party/FreeRTOS/Source/tasks.o
 .bss.xIdleTaskHandle
                0x0000000020000b08        0x4 ./Middlewares/Third_Party/FreeRTOS/Source/tasks.o
 .bss.uxSchedulerSuspended
                0x0000000020000b0c        0x4 ./Middlewares/Third_Party/FreeRTOS/Source/tasks.o
 .bss.ucMaxSysCallPriority
                0x0000000020000b10        0x1 ./Middlewares/Third_Party/FreeRTOS/Source/portable/GCC/ARM_CM4F/port.o
 *fill*         0x0000000020000b11        0x3 
 .bss.ulMaxPRIGROUPValue
                0x0000000020000b14        0x4 ./Middlewares/Third_Party/FreeRTOS/Source/portable/GCC/ARM_CM4F/port.o
 .bss.ucHeap    0x0000000020000b18     0x3c00 ./Middlewares/Third_Party/FreeRTOS/Source/portable/MemMang/heap_4.o
 .bss.xStart    0x0000000020004718        0x8 ./Middlewares/Third_Party/FreeRTOS/Source/portable/MemMang/heap_4.o
 .bss.pxEnd     0x0000000020004720        0x4 ./Middlewares/Third_Party/FreeRTOS/Source/portable/MemMang/heap_4.o
 .bss.xFreeBytesRemaining
                0x0000000020004724        0x4 ./Middlewares/Third_Party/FreeRTOS/Source/portable/MemMang/heap_4.o
 .bss.xMinimumEverFreeBytesRemaining
                0x0000000020004728        0x4 ./Middlewares/Third_Party/FreeRTOS/Source/portable/MemMang/heap_4.o
 .bss.xNumberOfSuccessfulAllocations
                0x000000002000472c        0x4 ./Middlewares/Third_Party/FreeRTOS/Source/portable/MemMang/heap_4.o
 .bss.xNumberOfSuccessfulFrees
                0x0000000020004730        0x4 ./Middlewares/Third_Party/FreeRTOS/Source/portable/MemMang/heap_4.o
 .bss.xBlockAllocatedBit
                0x0000000020004734        0x4 ./Middlewares/Third_Party/FreeRTOS/Source/portable/MemMang/heap_4.o
 .bss.__sf      0x0000000020004738      0x138 C:/ST/STM32CubeIDE_1.14.1/STM32CubeIDE/plugins/com.st.stm32cube.ide.mcu.externaltools.gnu-tools-for-stm32.11.3.rel1.win32_1.1.100.202309141235/tools/bin/../lib/gcc/arm-none-eabi/11.3.1/../../../../arm-none-eabi/lib/thumb/v7e-m+fp/hard\libc_nano.a(libc_a-findfp.o)
                0x0000000020004738                __sf
 .bss.errno     0x0000000020004870        0x4 C:/ST/STM32CubeIDE_1.14.1/STM32CubeIDE/plugins/com.st.stm32cube.ide.mcu.externaltools.gnu-tools-for-stm32.11.3.rel1.win32_1.1.100.202309141235/tools/bin/../lib/gcc/arm-none-eabi/11.3.1/../../../../arm-none-eabi/lib/thumb/v7e-m+fp/hard\libc_nano.a(libc_a-reent.o)
                0x0000000020004870                errno
 .bss.__lock___malloc_recursive_mutex
                0x0000000020004874        0x1 C:/ST/STM32CubeIDE_1.14.1/STM32CubeIDE/plugins/com.st.stm32cube.ide.mcu.externaltools.gnu-tools-for-stm32.11.3.rel1.win32_1.1.100.202309141235/tools/bin/../lib/gcc/arm-none-eabi/11.3.1/../../../../arm-none-eabi/lib/thumb/v7e-m+fp/hard\libc_nano.a(libc_a-lock.o)
                0x0000000020004874                __lock___malloc_recursive_mutex
 *fill*         0x0000000020004875        0x3 
 .bss.__malloc_free_list
                0x0000000020004878        0x4 C:/ST/STM32CubeIDE_1.14.1/STM32CubeIDE/plugins/com.st.stm32cube.ide.mcu.externaltools.gnu-tools-for-stm32.11.3.rel1.win32_1.1.100.202309141235/tools/bin/../lib/gcc/arm-none-eabi/11.3.1/../../../../arm-none-eabi/lib/thumb/v7e-m+fp/hard\libc_nano.a(libc_a-mallocr.o)
                0x0000000020004878                __malloc_free_list
 .bss.__malloc_sbrk_start
                0x000000002000487c        0x4 C:/ST/STM32CubeIDE_1.14.1/STM32CubeIDE/plugins/com.st.stm32cube.ide.mcu.externaltools.gnu-tools-for-stm32.11.3.rel1.win32_1.1.100.202309141235/tools/bin/../lib/gcc/arm-none-eabi/11.3.1/../../../../arm-none-eabi/lib/thumb/v7e-m+fp/hard\libc_nano.a(libc_a-mallocr.o)
                0x000000002000487c                __malloc_sbrk_start
 *(COMMON)
                0x0000000020004880                . = ALIGN (0x4)
                0x0000000020004880                _ebss = .
                0x0000000020004880                __bss_end__ = _ebss

._user_heap_stack
                0x0000000020004880      0x600 load address 0x000000000800b90c
                0x0000000020004880                . = ALIGN (0x8)
                [!provide]                        PROVIDE (end = .)
                0x0000000020004880                PROVIDE (_end = .)
                0x0000000020004a80                . = (. + _Min_Heap_Size)
 *fill*         0x0000000020004880      0x200 
                0x0000000020004e80                . = (. + _Min_Stack_Size)
 *fill*         0x0000000020004a80      0x400 
                0x0000000020004e80                . = ALIGN (0x8)

/DISCARD/
 libc.a(*)
 libm.a(*)
 libgcc.a(*)

.ARM.attributes
                0x0000000000000000       0x30
 *(.ARM.attributes)
 .ARM.attributes
                0x0000000000000000       0x1e C:/ST/STM32CubeIDE_1.14.1/STM32CubeIDE/plugins/com.st.stm32cube.ide.mcu.externaltools.gnu-tools-for-stm32.11.3.rel1.win32_1.1.100.202309141235/tools/bin/../lib/gcc/arm-none-eabi/11.3.1/thumb/v7e-m+fp/hard/crti.o
 .ARM.attributes
                0x000000000000001e       0x34 C:/ST/STM32CubeIDE_1.14.1/STM32CubeIDE/plugins/com.st.stm32cube.ide.mcu.externaltools.gnu-tools-for-stm32.11.3.rel1.win32_1.1.100.202309141235/tools/bin/../lib/gcc/arm-none-eabi/11.3.1/thumb/v7e-m+fp/hard/crtbegin.o
 .ARM.attributes
                0x0000000000000052       0x34 ./Core/Src/DHT11.o
 .ARM.attributes
                0x0000000000000086       0x34 ./Core/Src/File_Handling_RTOS.o
 .ARM.attributes
                0x00000000000000ba       0x34 ./Core/Src/fatfs_sd.o
 .ARM.attributes
                0x00000000000000ee       0x34 ./Core/Src/freertos.o
 .ARM.attributes
                0x0000000000000122       0x34 ./Core/Src/main.o
 .ARM.attributes
                0x0000000000000156       0x34 ./Core/Src/stm32f4xx_hal_msp.o
 .ARM.attributes
                0x000000000000018a       0x34 ./Core/Src/stm32f4xx_hal_timebase_tim.o
 .ARM.attributes
                0x00000000000001be       0x34 ./Core/Src/stm32f4xx_it.o
 .ARM.attributes
                0x00000000000001f2       0x34 ./Core/Src/sysmem.o
 .ARM.attributes
                0x0000000000000226       0x34 ./Core/Src/system_stm32f4xx.o
 .ARM.attributes
                0x000000000000025a       0x21 ./Core/Startup/startup_stm32f446retx.o
 .ARM.attributes
                0x000000000000027b       0x34 ./Drivers/STM32F4xx_HAL_Driver/Src/stm32f4xx_hal.o
 .ARM.attributes
                0x00000000000002af       0x34 ./Drivers/STM32F4xx_HAL_Driver/Src/stm32f4xx_hal_adc.o
 .ARM.attributes
                0x00000000000002e3       0x34 ./Drivers/STM32F4xx_HAL_Driver/Src/stm32f4xx_hal_cortex.o
 .ARM.attributes
                0x0000000000000317       0x34 ./Drivers/STM32F4xx_HAL_Driver/Src/stm32f4xx_hal_gpio.o
 .ARM.attributes
                0x000000000000034b       0x34 ./Drivers/STM32F4xx_HAL_Driver/Src/stm32f4xx_hal_rcc.o
 .ARM.attributes
                0x000000000000037f       0x34 ./Drivers/STM32F4xx_HAL_Driver/Src/stm32f4xx_hal_rcc_ex.o
 .ARM.attributes
                0x00000000000003b3       0x34 ./Drivers/STM32F4xx_HAL_Driver/Src/stm32f4xx_hal_spi.o
 .ARM.attributes
                0x00000000000003e7       0x34 ./Drivers/STM32F4xx_HAL_Driver/Src/stm32f4xx_hal_tim.o
 .ARM.attributes
                0x000000000000041b       0x34 ./Drivers/STM32F4xx_HAL_Driver/Src/stm32f4xx_hal_tim_ex.o
 .ARM.attributes
                0x000000000000044f       0x34 ./Drivers/STM32F4xx_HAL_Driver/Src/stm32f4xx_hal_uart.o
 .ARM.attributes
                0x0000000000000483       0x34 ./FATFS/App/fatfs.o
 .ARM.attributes
                0x00000000000004b7       0x34 ./FATFS/Target/user_diskio.o
 .ARM.attributes
                0x00000000000004eb       0x34 ./Middlewares/Third_Party/FatFs/src/diskio.o
 .ARM.attributes
                0x000000000000051f       0x34 ./Middlewares/Third_Party/FatFs/src/ff.o
 .ARM.attributes
                0x0000000000000553       0x34 ./Middlewares/Third_Party/FatFs/src/ff_gen_drv.o
 .ARM.attributes
                0x0000000000000587       0x34 ./Middlewares/Third_Party/FatFs/src/option/syscall.o
 .ARM.attributes
                0x00000000000005bb       0x34 ./Middlewares/Third_Party/FreeRTOS/Source/CMSIS_RTOS/cmsis_os.o
 .ARM.attributes
                0x00000000000005ef       0x34 ./Middlewares/Third_Party/FreeRTOS/Source/list.o
 .ARM.attributes
                0x0000000000000623       0x34 ./Middlewares/Third_Party/FreeRTOS/Source/queue.o
 .ARM.attributes
                0x0000000000000657       0x34 ./Middlewares/Third_Party/FreeRTOS/Source/tasks.o
 .ARM.attributes
                0x000000000000068b       0x34 ./Middlewares/Third_Party/FreeRTOS/Source/portable/GCC/ARM_CM4F/port.o
 .ARM.attributes
                0x00000000000006bf       0x34 ./Middlewares/Third_Party/FreeRTOS/Source/portable/MemMang/heap_4.o
 .ARM.attributes
                0x00000000000006f3       0x34 C:/ST/STM32CubeIDE_1.14.1/STM32CubeIDE/plugins/com.st.stm32cube.ide.mcu.externaltools.gnu-tools-for-stm32.11.3.rel1.win32_1.1.100.202309141235/tools/bin/../lib/gcc/arm-none-eabi/11.3.1/../../../../arm-none-eabi/lib/thumb/v7e-m+fp/hard\libc_nano.a(libc_a-findfp.o)
 .ARM.attributes
                0x0000000000000727       0x34 C:/ST/STM32CubeIDE_1.14.1/STM32CubeIDE/plugins/com.st.stm32cube.ide.mcu.externaltools.gnu-tools-for-stm32.11.3.rel1.win32_1.1.100.202309141235/tools/bin/../lib/gcc/arm-none-eabi/11.3.1/../../../../arm-none-eabi/lib/thumb/v7e-m+fp/hard\libc_nano.a(libc_a-sprintf.o)
 .ARM.attributes
                0x000000000000075b       0x34 C:/ST/STM32CubeIDE_1.14.1/STM32CubeIDE/plugins/com.st.stm32cube.ide.mcu.externaltools.gnu-tools-for-stm32.11.3.rel1.win32_1.1.100.202309141235/tools/bin/../lib/gcc/arm-none-eabi/11.3.1/../../../../arm-none-eabi/lib/thumb/v7e-m+fp/hard\libc_nano.a(libc_a-memset.o)
 .ARM.attributes
                0x000000000000078f       0x34 C:/ST/STM32CubeIDE_1.14.1/STM32CubeIDE/plugins/com.st.stm32cube.ide.mcu.externaltools.gnu-tools-for-stm32.11.3.rel1.win32_1.1.100.202309141235/tools/bin/../lib/gcc/arm-none-eabi/11.3.1/../../../../arm-none-eabi/lib/thumb/v7e-m+fp/hard\libc_nano.a(libc_a-reent.o)
 .ARM.attributes
                0x00000000000007c3       0x34 C:/ST/STM32CubeIDE_1.14.1/STM32CubeIDE/plugins/com.st.stm32cube.ide.mcu.externaltools.gnu-tools-for-stm32.11.3.rel1.win32_1.1.100.202309141235/tools/bin/../lib/gcc/arm-none-eabi/11.3.1/../../../../arm-none-eabi/lib/thumb/v7e-m+fp/hard\libc_nano.a(libc_a-impure.o)
 .ARM.attributes
                0x00000000000007f7       0x34 C:/ST/STM32CubeIDE_1.14.1/STM32CubeIDE/plugins/com.st.stm32cube.ide.mcu.externaltools.gnu-tools-for-stm32.11.3.rel1.win32_1.1.100.202309141235/tools/bin/../lib/gcc/arm-none-eabi/11.3.1/../../../../arm-none-eabi/lib/thumb/v7e-m+fp/hard\libc_nano.a(libc_a-errno.o)
 .ARM.attributes
                0x000000000000082b       0x34 C:/ST/STM32CubeIDE_1.14.1/STM32CubeIDE/plugins/com.st.stm32cube.ide.mcu.externaltools.gnu-tools-for-stm32.11.3.rel1.win32_1.1.100.202309141235/tools/bin/../lib/gcc/arm-none-eabi/11.3.1/../../../../arm-none-eabi/lib/thumb/v7e-m+fp/hard\libc_nano.a(libc_a-init.o)
 .ARM.attributes
                0x000000000000085f       0x34 C:/ST/STM32CubeIDE_1.14.1/STM32CubeIDE/plugins/com.st.stm32cube.ide.mcu.externaltools.gnu-tools-for-stm32.11.3.rel1.win32_1.1.100.202309141235/tools/bin/../lib/gcc/arm-none-eabi/11.3.1/../../../../arm-none-eabi/lib/thumb/v7e-m+fp/hard\libc_nano.a(libc_a-lock.o)
 .ARM.attributes
                0x0000000000000893       0x1c C:/ST/STM32CubeIDE_1.14.1/STM32CubeIDE/plugins/com.st.stm32cube.ide.mcu.externaltools.gnu-tools-for-stm32.11.3.rel1.win32_1.1.100.202309141235/tools/bin/../lib/gcc/arm-none-eabi/11.3.1/../../../../arm-none-eabi/lib/thumb/v7e-m+fp/hard\libc_nano.a(libc_a-strcmp.o)
 .ARM.attributes
                0x00000000000008af       0x34 C:/ST/STM32CubeIDE_1.14.1/STM32CubeIDE/plugins/com.st.stm32cube.ide.mcu.externaltools.gnu-tools-for-stm32.11.3.rel1.win32_1.1.100.202309141235/tools/bin/../lib/gcc/arm-none-eabi/11.3.1/../../../../arm-none-eabi/lib/thumb/v7e-m+fp/hard\libc_nano.a(libc_a-memcpy-stub.o)
 .ARM.attributes
                0x00000000000008e3       0x17 C:/ST/STM32CubeIDE_1.14.1/STM32CubeIDE/plugins/com.st.stm32cube.ide.mcu.externaltools.gnu-tools-for-stm32.11.3.rel1.win32_1.1.100.202309141235/tools/bin/../lib/gcc/arm-none-eabi/11.3.1/../../../../arm-none-eabi/lib/thumb/v7e-m+fp/hard\libc_nano.a(libc_a-strlen.o)
 .ARM.attributes
                0x00000000000008fa       0x34 C:/ST/STM32CubeIDE_1.14.1/STM32CubeIDE/plugins/com.st.stm32cube.ide.mcu.externaltools.gnu-tools-for-stm32.11.3.rel1.win32_1.1.100.202309141235/tools/bin/../lib/gcc/arm-none-eabi/11.3.1/../../../../arm-none-eabi/lib/thumb/v7e-m+fp/hard\libc_nano.a(libc_a-freer.o)
 .ARM.attributes
                0x000000000000092e       0x34 C:/ST/STM32CubeIDE_1.14.1/STM32CubeIDE/plugins/com.st.stm32cube.ide.mcu.externaltools.gnu-tools-for-stm32.11.3.rel1.win32_1.1.100.202309141235/tools/bin/../lib/gcc/arm-none-eabi/11.3.1/../../../../arm-none-eabi/lib/thumb/v7e-m+fp/hard\libc_nano.a(libc_a-mallocr.o)
 .ARM.attributes
                0x0000000000000962       0x34 C:/ST/STM32CubeIDE_1.14.1/STM32CubeIDE/plugins/com.st.stm32cube.ide.mcu.externaltools.gnu-tools-for-stm32.11.3.rel1.win32_1.1.100.202309141235/tools/bin/../lib/gcc/arm-none-eabi/11.3.1/../../../../arm-none-eabi/lib/thumb/v7e-m+fp/hard\libc_nano.a(libc_a-mlock.o)
 .ARM.attributes